"Running Make include in mb0/libsrc/standalone_v6_1/src"
make -C mb0/libsrc/standalone_v6_1/src -s include  "SHELL=CMD" "COMPILER=mb-gcc" "ARCHIVER=mb-ar" "COMPILER_FLAGS= -O2 -c -mcpu=v10.0 -mlittle-endian -mno-xl-soft-div -mno-xl-soft-mul -mxl-barrel-shift -mxl-multiply-high -mxl-pattern-compare" "EXTRA_COMPILER_FLAGS=-g"
"Running Make include in mb0/libsrc/tmrctr_v4_2/src"
make -C mb0/libsrc/tmrctr_v4_2/src -s include  "SHELL=CMD" "COMPILER=mb-gcc" "ARCHIVER=mb-ar" "COMPILER_FLAGS= -O2 -c -mcpu=v10.0 -mlittle-endian -mno-xl-soft-div -mno-xl-soft-mul -mxl-barrel-shift -mxl-multiply-high -mxl-pattern-compare" "EXTRA_COMPILER_FLAGS=-g"
"Running Make include in mb0/libsrc/uartlite_v3_2/src"
make -C mb0/libsrc/uartlite_v3_2/src -s include  "SHELL=CMD" "COMPILER=mb-gcc" "ARCHIVER=mb-ar" "COMPILER_FLAGS= -O2 -c -mcpu=v10.0 -mlittle-endian -mno-xl-soft-div -mno-xl-soft-mul -mxl-barrel-shift -mxl-multiply-high -mxl-pattern-compare" "EXTRA_COMPILER_FLAGS=-g"
"Running Make libs in mb0/libsrc/axidma_v9_3/src"
make -C mb0/libsrc/axidma_v9_3/src -s libs  "SHELL=CMD" "COMPILER=mb-gcc" "ARCHIVER=mb-ar" "COMPILER_FLAGS= -O2 -c -mcpu=v10.0 -mlittle-endian -mno-xl-soft-div -mno-xl-soft-mul -mxl-barrel-shift -mxl-multiply-high -mxl-pattern-compare" "EXTRA_COMPILER_FLAGS=-g"
"Compiling axidma"
mb-ar: creating ../../../lib/libxil.a
"Running Make libs in mb0/libsrc/axiethernet_v5_3/src"
make -C mb0/libsrc/axiethernet_v5_3/src -s libs  "SHELL=CMD" "COMPILER=mb-gcc" "ARCHIVER=mb-ar" "COMPILER_FLAGS= -O2 -c -mcpu=v10.0 -mlittle-endian -mno-xl-soft-div -mno-xl-soft-mul -mxl-barrel-shift -mxl-multiply-high -mxl-pattern-compare" "EXTRA_COMPILER_FLAGS=-g"
"Compiling axiethernet"
"Running Make libs in mb0/libsrc/axivdma_v6_2/src"
make -C mb0/libsrc/axivdma_v6_2/src -s libs  "SHELL=CMD" "COMPILER=mb-gcc" "ARCHIVER=mb-ar" "COMPILER_FLAGS= -O2 -c -mcpu=v10.0 -mlittle-endian -mno-xl-soft-div -mno-xl-soft-mul -mxl-barrel-shift -mxl-multiply-high -mxl-pattern-compare" "EXTRA_COMPILER_FLAGS=-g"
"Compiling axivdma"
"Running Make libs in mb0/libsrc/bram_v4_1/src"
make -C mb0/libsrc/bram_v4_1/src -s libs  "SHELL=CMD" "COMPILER=mb-gcc" "ARCHIVER=mb-ar" "COMPILER_FLAGS= -O2 -c -mcpu=v10.0 -mlittle-endian -mno-xl-soft-div -mno-xl-soft-mul -mxl-barrel-shift -mxl-multiply-high -mxl-pattern-compare" "EXTRA_COMPILER_FLAGS=-g"
"Compiling bram"
"Running Make libs in mb0/libsrc/cpu_v2_5/src"
make -C mb0/libsrc/cpu_v2_5/src -s libs  "SHELL=CMD" "COMPILER=mb-gcc" "ARCHIVER=mb-ar" "COMPILER_FLAGS= -O2 -c -mcpu=v10.0 -mlittle-endian -mno-xl-soft-div -mno-xl-soft-mul -mxl-barrel-shift -mxl-multiply-high -mxl-pattern-compare" "EXTRA_COMPILER_FLAGS=-g"
"Compiling cpu"
"Running Make libs in mb0/libsrc/gpio_v4_3/src"
make -C mb0/libsrc/gpio_v4_3/src -s libs  "SHELL=CMD" "COMPILER=mb-gcc" "ARCHIVER=mb-ar" "COMPILER_FLAGS= -O2 -c -mcpu=v10.0 -mlittle-endian -mno-xl-soft-div -mno-xl-soft-mul -mxl-barrel-shift -mxl-multiply-high -mxl-pattern-compare" "EXTRA_COMPILER_FLAGS=-g"
"Compiling gpio"
"Running Make libs in mb0/libsrc/iic_v3_4/src"
make -C mb0/libsrc/iic_v3_4/src -s libs  "SHELL=CMD" "COMPILER=mb-gcc" "ARCHIVER=mb-ar" "COMPILER_FLAGS= -O2 -c -mcpu=v10.0 -mlittle-endian -mno-xl-soft-div -mno-xl-soft-mul -mxl-barrel-shift -mxl-multiply-high -mxl-pattern-compare" "EXTRA_COMPILER_FLAGS=-g"
"Compiling iic"
"Running Make libs in mb0/libsrc/intc_v3_5/src"
make -C mb0/libsrc/intc_v3_5/src -s libs  "SHELL=CMD" "COMPILER=mb-gcc" "ARCHIVER=mb-ar" "COMPILER_FLAGS= -O2 -c -mcpu=v10.0 -mlittle-endian -mno-xl-soft-div -mno-xl-soft-mul -mxl-barrel-shift -mxl-multiply-high -mxl-pattern-compare" "EXTRA_COMPILER_FLAGS=-g"
"Compiling intc"
"Running Make libs in mb0/libsrc/mbox_v4_1/src"
make -C mb0/libsrc/mbox_v4_1/src -s libs  "SHELL=CMD" "COMPILER=mb-gcc" "ARCHIVER=mb-ar" "COMPILER_FLAGS= -O2 -c -mcpu=v10.0 -mlittle-endian -mno-xl-soft-div -mno-xl-soft-mul -mxl-barrel-shift -mxl-multiply-high -mxl-pattern-compare" "EXTRA_COMPILER_FLAGS=-g"
"Compiling mbox"
"Running Make libs in mb0/libsrc/mutex_v4_2/src"
make -C mb0/libsrc/mutex_v4_2/src -s libs  "SHELL=CMD" "COMPILER=mb-gcc" "ARCHIVER=mb-ar" "COMPILER_FLAGS= -O2 -c -mcpu=v10.0 -mlittle-endian -mno-xl-soft-div -mno-xl-soft-mul -mxl-barrel-shift -mxl-multiply-high -mxl-pattern-compare" "EXTRA_COMPILER_FLAGS=-g"
"Compiling mutex"
"Running Make libs in mb0/libsrc/spi_v4_2/src"
make -C mb0/libsrc/spi_v4_2/src -s libs  "SHELL=CMD" "COMPILER=mb-gcc" "ARCHIVER=mb-ar" "COMPILER_FLAGS= -O2 -c -mcpu=v10.0 -mlittle-endian -mno-xl-soft-div -mno-xl-soft-mul -mxl-barrel-shift -mxl-multiply-high -mxl-pattern-compare" "EXTRA_COMPILER_FLAGS=-g"
"Compiling spi"
"Running Make libs in mb0/libsrc/standalone_v6_1/src"
make -C mb0/libsrc/standalone_v6_1/src -s libs  "SHELL=CMD" "COMPILER=mb-gcc" "ARCHIVER=mb-ar" "COMPILER_FLAGS= -O2 -c -mcpu=v10.0 -mlittle-endian -mno-xl-soft-div -mno-xl-soft-mul -mxl-barrel-shift -mxl-multiply-high -mxl-pattern-compare" "EXTRA_COMPILER_FLAGS=-g"
"Compiling standalone";
"Running Make libs in mb0/libsrc/tmrctr_v4_2/src"
make -C mb0/libsrc/tmrctr_v4_2/src -s libs  "SHELL=CMD" "COMPILER=mb-gcc" "ARCHIVER=mb-ar" "COMPILER_FLAGS= -O2 -c -mcpu=v10.0 -mlittle-endian -mno-xl-soft-div -mno-xl-soft-mul -mxl-barrel-shift -mxl-multiply-high -mxl-pattern-compare" "EXTRA_COMPILER_FLAGS=-g"
"Compiling tmrctr"
"Running Make libs in mb0/libsrc/uartlite_v3_2/src"
make -C mb0/libsrc/uartlite_v3_2/src -s libs  "SHELL=CMD" "COMPILER=mb-gcc" "ARCHIVER=mb-ar" "COMPILER_FLAGS= -O2 -c -mcpu=v10.0 -mlittle-endian -mno-xl-soft-div -mno-xl-soft-mul -mxl-barrel-shift -mxl-multiply-high -mxl-pattern-compare" "EXTRA_COMPILER_FLAGS=-g"
"Compiling uartlite"
'Finished building libraries'
14:26:20 **** Build of configuration Debug for project driver_HDMI ****
make all 
'Building file: ../src/main_mb0.c'
'Invoking: MicroBlaze gcc compiler'
mb-gcc -Wall -O0 -g3 -I"D:\TaiLieuHocTap\HK1_2018-2019\Nhúng\HeThongNhungThoiGianThuc\workspace\driver_HDMI\inc" -c -fmessage-length=0 -MT"src/main_mb0.o" -I../../standalone_mb_0/mb0/include -mlittle-endian -mxl-barrel-shift -mxl-pattern-compare -mno-xl-soft-div -mcpu=v10.0 -mno-xl-soft-mul -mxl-multiply-high -Wl,--no-relax -MMD -MP -MF"src/main_mb0.d" -MT"src/main_mb0.o" -o "src/main_mb0.o" "../src/main_mb0.c"
In file included from ../src/main_mb0.c:46:0:
../../standalone_mb_0/mb0/include/xbasic_types.h:115:2: warning: #warning The xbasics_type.h file is deprecated and users should use xil_types.h and xil_assert. [-Wcpp]
 #warning  The xbasics_type.h file is deprecated and users should use xil_types.h and xil_assert.
  ^
../../standalone_mb_0/mb0/include/xbasic_types.h:116:2: warning: #warning Please refer the Standalone BSP UG647 for further details [-Wcpp]
 #warning  Please refer the Standalone BSP UG647 for further details
  ^
../src/main_mb0.c:48:26: fatal error: atv_platform.h: No such file or directory
compilation terminated.
make: *** [src/main_mb0.o] Error 1
14:26:55 **** Incremental Build of configuration Debug for project MB1_RTOS ****
make all 
make: Nothing to be done for `all'.
14:26:58 **** Incremental Build of configuration Debug for project driver_HDMI ****
make all 
'Building file: ../src/main_mb0.c'
'Invoking: MicroBlaze gcc compiler'
mb-gcc -Wall -O0 -g3 -I"D:\TaiLieuHocTap\HK1_2018-2019\Nhúng\HeThongNhungThoiGianThuc\workspace\driver_HDMI\inc" -c -fmessage-length=0 -MT"src/main_mb0.o" -I../../standalone_mb_0/mb0/include -mlittle-endian -mxl-barrel-shift -mxl-pattern-compare -mno-xl-soft-div -mcpu=v10.0 -mno-xl-soft-mul -mxl-multiply-high -Wl,--no-relax -MMD -MP -MF"src/main_mb0.d" -MT"src/main_mb0.o" -o "src/main_mb0.o" "../src/main_mb0.c"
In file included from ../src/main_mb0.c:46:0:
../../standalone_mb_0/mb0/include/xbasic_types.h:115:2: warning: #warning The xbasics_type.h file is deprecated and users should use xil_types.h and xil_assert. [-Wcpp]
 #warning  The xbasics_type.h file is deprecated and users should use xil_types.h and xil_assert.
  ^
../../standalone_mb_0/mb0/include/xbasic_types.h:116:2: warning: #warning Please refer the Standalone BSP UG647 for further details [-Wcpp]
 #warning  Please refer the Standalone BSP UG647 for further details
  ^
../src/main_mb0.c:48:26: fatal error: atv_platform.h: No such file or directory
compilation terminated.
make: *** [src/main_mb0.o] Error 1
14:33:09 **** Incremental Build of configuration Debug for project MB1_RTOS ****
make all 
make: Nothing to be done for `all'.
14:33:14 **** Incremental Build of configuration Debug for project driver_HDMI ****
make all 
'Building file: ../src/main_mb0.c'
'Invoking: MicroBlaze gcc compiler'
mb-gcc -Wall -O0 -g3 -I"D:\HeThongNhungThoiGianThuc\workspace\driver_HDMI\inc" -c -fmessage-length=0 -MT"src/main_mb0.o" -I../../standalone_mb_0/mb0/include -mlittle-endian -mxl-barrel-shift -mxl-pattern-compare -mno-xl-soft-div -mcpu=v10.0 -mno-xl-soft-mul -mxl-multiply-high -Wl,--no-relax -MMD -MP -MF"src/main_mb0.d" -MT"src/main_mb0.o" -o "src/main_mb0.o" "../src/main_mb0.c"
In file included from ../src/main_mb0.c:46:0:
../../standalone_mb_0/mb0/include/xbasic_types.h:115:2: warning: #warning The xbasics_type.h file is deprecated and users should use xil_types.h and xil_assert. [-Wcpp]
 #warning  The xbasics_type.h file is deprecated and users should use xil_types.h and xil_assert.
  ^
../../standalone_mb_0/mb0/include/xbasic_types.h:116:2: warning: #warning Please refer the Standalone BSP UG647 for further details [-Wcpp]
 #warning  Please refer the Standalone BSP UG647 for further details
  ^
'Finished building: ../src/main_mb0.c'
' '
'Building file: ../inc/cf_hdmi.c'
'Invoking: MicroBlaze gcc compiler'
mb-gcc -Wall -O0 -g3 -I"D:\HeThongNhungThoiGianThuc\workspace\driver_HDMI\inc" -c -fmessage-length=0 -MT"inc/cf_hdmi.o" -I../../standalone_mb_0/mb0/include -mlittle-endian -mxl-barrel-shift -mxl-pattern-compare -mno-xl-soft-div -mcpu=v10.0 -mno-xl-soft-mul -mxl-multiply-high -Wl,--no-relax -MMD -MP -MF"inc/cf_hdmi.d" -MT"inc/cf_hdmi.o" -o "inc/cf_hdmi.o" "../inc/cf_hdmi.c"
'Finished building: ../inc/cf_hdmi.c'
' '
'Building file: ../inc/transmitter.c'
'Invoking: MicroBlaze gcc compiler'
mb-gcc -Wall -O0 -g3 -I"D:\HeThongNhungThoiGianThuc\workspace\driver_HDMI\inc" -c -fmessage-length=0 -MT"inc/transmitter.o" -I../../standalone_mb_0/mb0/include -mlittle-endian -mxl-barrel-shift -mxl-pattern-compare -mno-xl-soft-div -mcpu=v10.0 -mno-xl-soft-mul -mxl-multiply-high -Wl,--no-relax -MMD -MP -MF"inc/transmitter.d" -MT"inc/transmitter.o" -o "inc/transmitter.o" "../inc/transmitter.c"
'Finished building: ../inc/transmitter.c'
' '
'Building target: driver_HDMI.elf'
'Invoking: MicroBlaze gcc linker'
mb-gcc -L"D:\HeThongNhungThoiGianThuc\workspace\driver_HDMI\lib" -Wl,-T -Wl,../src/lscript.ld -L../../standalone_mb_0/mb0/lib -mlittle-endian -mxl-barrel-shift -mxl-pattern-compare -mno-xl-soft-div -mcpu=v10.0 -mno-xl-soft-mul -mxl-multiply-high -Wl,--no-relax -o "driver_HDMI.elf"  ./src/main_mb0.o  ./inc/cf_hdmi.o ./inc/transmitter.o   -lHDMI_MicroBlazeLib -Wl,--start-group,-lxil,-lgcc,-lc,--end-group
'Finished building target: driver_HDMI.elf'
' '
'Invoking: MicroBlaze Print Size'
mb-size driver_HDMI.elf  |tee "driver_HDMI.elf.size"
   text	   data	    bss	    dec	    hex	filename
  87558	1229400	   4024	1320982	 142816	driver_HDMI.elf
'Finished building: driver_HDMI.elf.size'
' '
14:33:41 **** Incremental Build of configuration Debug for project MB1_RTOS ****
make all 
make: Nothing to be done for `all'.
14:33:53 **** Incremental Build of configuration Debug for project driver_HDMI ****
make all 
make: Nothing to be done for `all'.
14:36:24 **** Incremental Build of configuration Debug for project MB1_RTOS ****
make all 
make: Nothing to be done for `all'.
14:36:36 **** Incremental Build of configuration Debug for project driver_HDMI ****
make all 
make: Nothing to be done for `all'.
14:37:54 **** Incremental Build of configuration Debug for project MB1_RTOS ****
make all 
make: Nothing to be done for `all'.
14:37:57 **** Incremental Build of configuration Debug for project driver_HDMI ****
make all 
make: Nothing to be done for `all'.
14:38:21 **** Incremental Build of configuration Debug for project MB1_RTOS ****
make all 
make: Nothing to be done for `all'.
14:38:23 **** Incremental Build of configuration Debug for project driver_HDMI ****
make all 
make: Nothing to be done for `all'.
14:54:44 **** Incremental Build of configuration Debug for project MB1_RTOS ****
make all 
make: Nothing to be done for `all'.
14:54:51 **** Incremental Build of configuration Debug for project driver_HDMI ****
make all 
make: Nothing to be done for `all'.
16:10:11 **** Incremental Build of configuration Debug for project MB1_RTOS ****
make all 
make: Nothing to be done for `all'.
16:10:27 **** Incremental Build of configuration Debug for project driver_HDMI ****
make all 
make: Nothing to be done for `all'.
16:10:40 **** Auto Build of configuration Debug for project MB1_RTOS ****
make all 
'Building file: ../src/main_dino.c'
'Invoking: MicroBlaze gcc compiler'
mb-gcc -Wall -O0 -g3 -c -fmessage-length=0 -MT"src/main_dino.o" -I../../freertos_mb_1/mb1/include -mlittle-endian -mxl-barrel-shift -mxl-pattern-compare -mno-xl-soft-div -mcpu=v10.0 -mno-xl-soft-mul -mxl-multiply-high -Wl,--no-relax -MMD -MP -MF"src/main_dino.d" -MT"src/main_dino.o" -o "src/main_dino.o" "../src/main_dino.c"
In file included from ../src/main_dino.c:1:0:
../src/mb1.h:7:10: note: #pragma message: Running A Dinosaur Game
  #pragma message "Running A Dinosaur Game"
          ^
../src/main_dino.c: In function 'DrawTask':
../src/main_dino.c:188:72: warning: pointer targets in passing argument 5 of 'MoveTree' differ in signedness [-Wpointer-sign]
     MoveTree(frame_index, &MyTree[indx].X, MyTree[indx].height, speed, &MyTree[indx].toado);
                                                                        ^
In file included from ../src/main_dino.c:14:0:
../src/elt3017_draw.h:146:6: note: expected 'int *' but argument is of type 'unsigned int *'
 void MoveTree(int fidx, unsigned long *x,int d, int speed, int *toado);
      ^
../src/main_dino.c: At top level:
../src/main_dino.c:34:21: warning: 'xCheckLose' defined but not used [-Wunused-variable]
 static TaskHandle_t xCheckLose;
                     ^
'Finished building: ../src/main_dino.c'
' '
'Building target: MB1_RTOS.elf'
'Invoking: MicroBlaze gcc linker'
mb-gcc -Wl,-T -Wl,../src/lscript.ld -L../../freertos_mb_1/mb1/lib -mlittle-endian -mxl-barrel-shift -mxl-pattern-compare -mno-xl-soft-div -mcpu=v10.0 -mno-xl-soft-mul -mxl-multiply-high -Wl,--no-relax -o "MB1_RTOS.elf"  ./src/elt3017_draw.o ./src/main_dino.o ./src/main_intr.o   -Wl,--start-group,-lxil,-lfreertos,-lgcc,-lc,--end-group
'Finished building target: MB1_RTOS.elf'
' '
'Invoking: MicroBlaze Print Size'
mb-size MB1_RTOS.elf  |tee "MB1_RTOS.elf.size"
   text	   data	    bss	    dec	    hex	filename
  95832	   1768	  69688	 167288	  28d78	MB1_RTOS.elf
'Finished building: MB1_RTOS.elf.size'
' '
16:12:52 **** Auto Build of configuration Debug for project MB1_RTOS ****
make all 
'Building file: ../src/elt3017_draw.c'
'Invoking: MicroBlaze gcc compiler'
mb-gcc -Wall -O0 -g3 -c -fmessage-length=0 -MT"src/elt3017_draw.o" -I../../freertos_mb_1/mb1/include -mlittle-endian -mxl-barrel-shift -mxl-pattern-compare -mno-xl-soft-div -mcpu=v10.0 -mno-xl-soft-mul -mxl-multiply-high -Wl,--no-relax -MMD -MP -MF"src/elt3017_draw.d" -MT"src/elt3017_draw.o" -o "src/elt3017_draw.o" "../src/elt3017_draw.c"
In file included from ../src/elt3017_draw.h:11:0,
                 from ../src/elt3017_draw.c:10:
../src/mb1.h:7:10: note: #pragma message: Running A Dinosaur Game
  #pragma message "Running A Dinosaur Game"
          ^
../src/elt3017_draw.c: In function 'MoveTree':
../src/elt3017_draw.c:126:46: warning: passing argument 3 of 'DrawARectMemcpy' makes integer from pointer without a cast [-Wint-conversion]
    DrawARectMemcpy(fidx, RESOLUTION_640x480, x    , 11+speed+TreeWidth, 480 - *toado - 60, 0x000000);
                                              ^
../src/elt3017_draw.c:67:6: note: expected 'long unsigned int' but argument is of type 'long unsigned int *'
 void DrawARectMemcpy(int fidx, char resolution,unsigned long pixel, int w, int h, u32 val){
      ^
../src/elt3017_draw.c:129:46: warning: passing argument 3 of 'DrawARectMemcpy' makes integer from pointer without a cast [-Wint-conversion]
    DrawARectMemcpy(fidx, RESOLUTION_640x480, x + speed, TreeWidth , 480 - *toado - 60, 0x000000);
                                              ^
../src/elt3017_draw.c:67:6: note: expected 'long unsigned int' but argument is of type 'long unsigned int *'
 void DrawARectMemcpy(int fidx, char resolution,unsigned long pixel, int w, int h, u32 val){
      ^
../src/elt3017_draw.c:131:46: warning: passing argument 3 of 'DrawARectMemcpy' makes integer from pointer without a cast [-Wint-conversion]
    DrawARectMemcpy(fidx, RESOLUTION_640x480, x + speed, TreeWidth , 480 - *toado - 60, 0x00ff12);
                                              ^
../src/elt3017_draw.c:67:6: note: expected 'long unsigned int' but argument is of type 'long unsigned int *'
 void DrawARectMemcpy(int fidx, char resolution,unsigned long pixel, int w, int h, u32 val){
      ^
'Finished building: ../src/elt3017_draw.c'
' '
'Building target: MB1_RTOS.elf'
'Invoking: MicroBlaze gcc linker'
mb-gcc -Wl,-T -Wl,../src/lscript.ld -L../../freertos_mb_1/mb1/lib -mlittle-endian -mxl-barrel-shift -mxl-pattern-compare -mno-xl-soft-div -mcpu=v10.0 -mno-xl-soft-mul -mxl-multiply-high -Wl,--no-relax -o "MB1_RTOS.elf"  ./src/elt3017_draw.o ./src/main_dino.o ./src/main_intr.o   -Wl,--start-group,-lxil,-lfreertos,-lgcc,-lc,--end-group
'Finished building target: MB1_RTOS.elf'
' '
'Invoking: MicroBlaze Print Size'
mb-size MB1_RTOS.elf  |tee "MB1_RTOS.elf.size"
   text	   data	    bss	    dec	    hex	filename
  96056	   1768	  69688	 167512	  28e58	MB1_RTOS.elf
'Finished building: MB1_RTOS.elf.size'
' '
16:13:34 **** Auto Build of configuration Debug for project MB1_RTOS ****
make all 
'Building file: ../src/elt3017_draw.c'
'Invoking: MicroBlaze gcc compiler'
mb-gcc -Wall -O0 -g3 -c -fmessage-length=0 -MT"src/elt3017_draw.o" -I../../freertos_mb_1/mb1/include -mlittle-endian -mxl-barrel-shift -mxl-pattern-compare -mno-xl-soft-div -mcpu=v10.0 -mno-xl-soft-mul -mxl-multiply-high -Wl,--no-relax -MMD -MP -MF"src/elt3017_draw.d" -MT"src/elt3017_draw.o" -o "src/elt3017_draw.o" "../src/elt3017_draw.c"
In file included from ../src/elt3017_draw.h:11:0,
                 from ../src/elt3017_draw.c:10:
../src/mb1.h:7:10: note: #pragma message: Running A Dinosaur Game
  #pragma message "Running A Dinosaur Game"
          ^
../src/elt3017_draw.c: In function 'MoveTree':
../src/elt3017_draw.c:126:46: warning: passing argument 3 of 'DrawARectMemcpy' makes integer from pointer without a cast [-Wint-conversion]
    DrawARectMemcpy(fidx, RESOLUTION_640x480, x    , 11+speed+TreeWidth, 480 - *toado - 60, 0x000000);
                                              ^
../src/elt3017_draw.c:67:6: note: expected 'long unsigned int' but argument is of type 'long unsigned int *'
 void DrawARectMemcpy(int fidx, char resolution,unsigned long pixel, int w, int h, u32 val){
      ^
../src/elt3017_draw.c:129:46: warning: passing argument 3 of 'DrawARectMemcpy' makes integer from pointer without a cast [-Wint-conversion]
    DrawARectMemcpy(fidx, RESOLUTION_640x480, x + speed, TreeWidth , 480 - *toado - 60, 0x000000);
                                              ^
../src/elt3017_draw.c:67:6: note: expected 'long unsigned int' but argument is of type 'long unsigned int *'
 void DrawARectMemcpy(int fidx, char resolution,unsigned long pixel, int w, int h, u32 val){
      ^
../src/elt3017_draw.c:131:46: warning: passing argument 3 of 'DrawARectMemcpy' makes integer from pointer without a cast [-Wint-conversion]
    DrawARectMemcpy(fidx, RESOLUTION_640x480, x + speed, TreeWidth , 480 - *toado - 60, 0x00ff12);
                                              ^
../src/elt3017_draw.c:67:6: note: expected 'long unsigned int' but argument is of type 'long unsigned int *'
 void DrawARectMemcpy(int fidx, char resolution,unsigned long pixel, int w, int h, u32 val){
      ^
'Finished building: ../src/elt3017_draw.c'
' '
'Building target: MB1_RTOS.elf'
'Invoking: MicroBlaze gcc linker'
mb-gcc -Wl,-T -Wl,../src/lscript.ld -L../../freertos_mb_1/mb1/lib -mlittle-endian -mxl-barrel-shift -mxl-pattern-compare -mno-xl-soft-div -mcpu=v10.0 -mno-xl-soft-mul -mxl-multiply-high -Wl,--no-relax -o "MB1_RTOS.elf"  ./src/elt3017_draw.o ./src/main_dino.o ./src/main_intr.o   -Wl,--start-group,-lxil,-lfreertos,-lgcc,-lc,--end-group
'Finished building target: MB1_RTOS.elf'
' '
'Invoking: MicroBlaze Print Size'
mb-size MB1_RTOS.elf  |tee "MB1_RTOS.elf.size"
   text	   data	    bss	    dec	    hex	filename
  96056	   1768	  69688	 167512	  28e58	MB1_RTOS.elf
'Finished building: MB1_RTOS.elf.size'
' '
16:15:10 **** Incremental Build of configuration Debug for project MB1_RTOS ****
make all 
make: Nothing to be done for `all'.
16:15:13 **** Incremental Build of configuration Debug for project driver_HDMI ****
make all 
make: Nothing to be done for `all'.
16:20:12 **** Incremental Build of configuration Debug for project MB1_RTOS ****
make all 
'Building file: ../src/elt3017_draw.c'
'Invoking: MicroBlaze gcc compiler'
mb-gcc -Wall -O0 -g3 -c -fmessage-length=0 -MT"src/elt3017_draw.o" -I../../freertos_mb_1/mb1/include -mlittle-endian -mxl-barrel-shift -mxl-pattern-compare -mno-xl-soft-div -mcpu=v10.0 -mno-xl-soft-mul -mxl-multiply-high -Wl,--no-relax -MMD -MP -MF"src/elt3017_draw.d" -MT"src/elt3017_draw.o" -o "src/elt3017_draw.o" "../src/elt3017_draw.c"
In file included from ../src/elt3017_draw.h:11:0,
                 from ../src/elt3017_draw.c:10:
../src/mb1.h:7:10: note: #pragma message: Running A Dinosaur Game
  #pragma message "Running A Dinosaur Game"
          ^
../src/elt3017_draw.c: In function 'MoveTree':
../src/elt3017_draw.c:126:46: warning: passing argument 3 of 'DrawARectMemcpy' makes integer from pointer without a cast [-Wint-conversion]
    DrawARectMemcpy(fidx, RESOLUTION_640x480, x    , 11+speed+TreeWidth, 480 - *toado - 60, 0x000000);
                                              ^
../src/elt3017_draw.c:67:6: note: expected 'long unsigned int' but argument is of type 'long unsigned int *'
 void DrawARectMemcpy(int fidx, char resolution,unsigned long pixel, int w, int h, u32 val){
      ^
../src/elt3017_draw.c:129:46: warning: passing argument 3 of 'DrawARectMemcpy' makes integer from pointer without a cast [-Wint-conversion]
    DrawARectMemcpy(fidx, RESOLUTION_640x480, x + speed, TreeWidth , 480 - *toado - 60, 0x000000);
                                              ^
../src/elt3017_draw.c:67:6: note: expected 'long unsigned int' but argument is of type 'long unsigned int *'
 void DrawARectMemcpy(int fidx, char resolution,unsigned long pixel, int w, int h, u32 val){
      ^
../src/elt3017_draw.c:131:46: warning: passing argument 3 of 'DrawARectMemcpy' makes integer from pointer without a cast [-Wint-conversion]
    DrawARectMemcpy(fidx, RESOLUTION_640x480, x + speed, TreeWidth , 480 - *toado - 60, 0x00ff12);
                                              ^
../src/elt3017_draw.c:67:6: note: expected 'long unsigned int' but argument is of type 'long unsigned int *'
 void DrawARectMemcpy(int fidx, char resolution,unsigned long pixel, int w, int h, u32 val){
      ^
'Finished building: ../src/elt3017_draw.c'
' '
'Building target: MB1_RTOS.elf'
'Invoking: MicroBlaze gcc linker'
mb-gcc -Wl,-T -Wl,../src/lscript.ld -L../../freertos_mb_1/mb1/lib -mlittle-endian -mxl-barrel-shift -mxl-pattern-compare -mno-xl-soft-div -mcpu=v10.0 -mno-xl-soft-mul -mxl-multiply-high -Wl,--no-relax -o "MB1_RTOS.elf"  ./src/elt3017_draw.o ./src/main_dino.o ./src/main_intr.o   -Wl,--start-group,-lxil,-lfreertos,-lgcc,-lc,--end-group
'Finished building target: MB1_RTOS.elf'
' '
'Invoking: MicroBlaze Print Size'
mb-size MB1_RTOS.elf  |tee "MB1_RTOS.elf.size"
   text	   data	    bss	    dec	    hex	filename
  96056	   1768	  69688	 167512	  28e58	MB1_RTOS.elf
'Finished building: MB1_RTOS.elf.size'
' '
16:20:21 **** Incremental Build of configuration Debug for project driver_HDMI ****
make all 
make: Nothing to be done for `all'.
16:21:40 **** Incremental Build of configuration Debug for project MB1_RTOS ****
make all 
'Building file: ../src/elt3017_draw.c'
'Invoking: MicroBlaze gcc compiler'
mb-gcc -Wall -O0 -g3 -c -fmessage-length=0 -MT"src/elt3017_draw.o" -I../../freertos_mb_1/mb1/include -mlittle-endian -mxl-barrel-shift -mxl-pattern-compare -mno-xl-soft-div -mcpu=v10.0 -mno-xl-soft-mul -mxl-multiply-high -Wl,--no-relax -MMD -MP -MF"src/elt3017_draw.d" -MT"src/elt3017_draw.o" -o "src/elt3017_draw.o" "../src/elt3017_draw.c"
In file included from ../src/elt3017_draw.h:11:0,
                 from ../src/elt3017_draw.c:10:
../src/mb1.h:7:10: note: #pragma message: Running A Dinosaur Game
  #pragma message "Running A Dinosaur Game"
          ^
../src/elt3017_draw.c: In function 'MoveTree':
../src/elt3017_draw.c:126:46: warning: passing argument 3 of 'DrawARectMemcpy' makes integer from pointer without a cast [-Wint-conversion]
    DrawARectMemcpy(fidx, RESOLUTION_640x480, x    , 11+speed+TreeWidth, 480 - *toado - 60, 0x00ff12);
                                              ^
../src/elt3017_draw.c:67:6: note: expected 'long unsigned int' but argument is of type 'long unsigned int *'
 void DrawARectMemcpy(int fidx, char resolution,unsigned long pixel, int w, int h, u32 val){
      ^
../src/elt3017_draw.c:129:46: warning: passing argument 3 of 'DrawARectMemcpy' makes integer from pointer without a cast [-Wint-conversion]
    DrawARectMemcpy(fidx, RESOLUTION_640x480, x + speed, TreeWidth , 480 - *toado - 60, 0x000000);
                                              ^
../src/elt3017_draw.c:67:6: note: expected 'long unsigned int' but argument is of type 'long unsigned int *'
 void DrawARectMemcpy(int fidx, char resolution,unsigned long pixel, int w, int h, u32 val){
      ^
../src/elt3017_draw.c:131:46: warning: passing argument 3 of 'DrawARectMemcpy' makes integer from pointer without a cast [-Wint-conversion]
    DrawARectMemcpy(fidx, RESOLUTION_640x480, x + speed, TreeWidth , 480 - *toado - 60, 0x00ff12);
                                              ^
../src/elt3017_draw.c:67:6: note: expected 'long unsigned int' but argument is of type 'long unsigned int *'
 void DrawARectMemcpy(int fidx, char resolution,unsigned long pixel, int w, int h, u32 val){
      ^
'Finished building: ../src/elt3017_draw.c'
' '
'Building target: MB1_RTOS.elf'
'Invoking: MicroBlaze gcc linker'
mb-gcc -Wl,-T -Wl,../src/lscript.ld -L../../freertos_mb_1/mb1/lib -mlittle-endian -mxl-barrel-shift -mxl-pattern-compare -mno-xl-soft-div -mcpu=v10.0 -mno-xl-soft-mul -mxl-multiply-high -Wl,--no-relax -o "MB1_RTOS.elf"  ./src/elt3017_draw.o ./src/main_dino.o ./src/main_intr.o   -Wl,--start-group,-lxil,-lfreertos,-lgcc,-lc,--end-group
'Finished building target: MB1_RTOS.elf'
' '
'Invoking: MicroBlaze Print Size'
mb-size MB1_RTOS.elf  |tee "MB1_RTOS.elf.size"
   text	   data	    bss	    dec	    hex	filename
  96056	   1768	  69688	 167512	  28e58	MB1_RTOS.elf
'Finished building: MB1_RTOS.elf.size'
' '
16:21:45 **** Incremental Build of configuration Debug for project driver_HDMI ****
make all 
make: Nothing to be done for `all'.
16:23:55 **** Incremental Build of configuration Debug for project MB1_RTOS ****
make all 
make: Nothing to be done for `all'.
16:23:59 **** Incremental Build of configuration Debug for project driver_HDMI ****
make all 
make: Nothing to be done for `all'.
16:27:13 **** Incremental Build of configuration Debug for project MB1_RTOS ****
make all 
'Building file: ../src/elt3017_draw.c'
'Invoking: MicroBlaze gcc compiler'
mb-gcc -Wall -O0 -g3 -c -fmessage-length=0 -MT"src/elt3017_draw.o" -I../../freertos_mb_1/mb1/include -mlittle-endian -mxl-barrel-shift -mxl-pattern-compare -mno-xl-soft-div -mcpu=v10.0 -mno-xl-soft-mul -mxl-multiply-high -Wl,--no-relax -MMD -MP -MF"src/elt3017_draw.d" -MT"src/elt3017_draw.o" -o "src/elt3017_draw.o" "../src/elt3017_draw.c"
In file included from ../src/elt3017_draw.h:11:0,
                 from ../src/elt3017_draw.c:10:
../src/mb1.h:7:10: note: #pragma message: Running A Dinosaur Game
  #pragma message "Running A Dinosaur Game"
          ^
'Finished building: ../src/elt3017_draw.c'
' '
'Building target: MB1_RTOS.elf'
'Invoking: MicroBlaze gcc linker'
mb-gcc -Wl,-T -Wl,../src/lscript.ld -L../../freertos_mb_1/mb1/lib -mlittle-endian -mxl-barrel-shift -mxl-pattern-compare -mno-xl-soft-div -mcpu=v10.0 -mno-xl-soft-mul -mxl-multiply-high -Wl,--no-relax -o "MB1_RTOS.elf"  ./src/elt3017_draw.o ./src/main_dino.o ./src/main_intr.o   -Wl,--start-group,-lxil,-lfreertos,-lgcc,-lc,--end-group
'Finished building target: MB1_RTOS.elf'
' '
'Invoking: MicroBlaze Print Size'
mb-size MB1_RTOS.elf  |tee "MB1_RTOS.elf.size"
   text	   data	    bss	    dec	    hex	filename
  95832	   1768	  69688	 167288	  28d78	MB1_RTOS.elf
'Finished building: MB1_RTOS.elf.size'
' '
16:27:26 **** Incremental Build of configuration Debug for project driver_HDMI ****
make all 
make: Nothing to be done for `all'.
16:34:21 **** Incremental Build of configuration Debug for project MB1_RTOS ****
make all 
'Building file: ../src/elt3017_draw.c'
'Invoking: MicroBlaze gcc compiler'
mb-gcc -Wall -O0 -g3 -c -fmessage-length=0 -MT"src/elt3017_draw.o" -I../../freertos_mb_1/mb1/include -mlittle-endian -mxl-barrel-shift -mxl-pattern-compare -mno-xl-soft-div -mcpu=v10.0 -mno-xl-soft-mul -mxl-multiply-high -Wl,--no-relax -MMD -MP -MF"src/elt3017_draw.d" -MT"src/elt3017_draw.o" -o "src/elt3017_draw.o" "../src/elt3017_draw.c"
In file included from ../src/elt3017_draw.h:11:0,
                 from ../src/elt3017_draw.c:10:
../src/mb1.h:7:10: note: #pragma message: Running A Dinosaur Game
  #pragma message "Running A Dinosaur Game"
          ^
'Finished building: ../src/elt3017_draw.c'
' '
'Building target: MB1_RTOS.elf'
'Invoking: MicroBlaze gcc linker'
mb-gcc -Wl,-T -Wl,../src/lscript.ld -L../../freertos_mb_1/mb1/lib -mlittle-endian -mxl-barrel-shift -mxl-pattern-compare -mno-xl-soft-div -mcpu=v10.0 -mno-xl-soft-mul -mxl-multiply-high -Wl,--no-relax -o "MB1_RTOS.elf"  ./src/elt3017_draw.o ./src/main_dino.o ./src/main_intr.o   -Wl,--start-group,-lxil,-lfreertos,-lgcc,-lc,--end-group
'Finished building target: MB1_RTOS.elf'
' '
'Invoking: MicroBlaze Print Size'
mb-size MB1_RTOS.elf  |tee "MB1_RTOS.elf.size"
   text	   data	    bss	    dec	    hex	filename
  95832	   1768	  69688	 167288	  28d78	MB1_RTOS.elf
'Finished building: MB1_RTOS.elf.size'
' '
16:34:33 **** Incremental Build of configuration Debug for project driver_HDMI ****
make all 
make: Nothing to be done for `all'.
16:35:24 **** Incremental Build of configuration Debug for project MB1_RTOS ****
make all 
'Building file: ../src/elt3017_draw.c'
'Invoking: MicroBlaze gcc compiler'
mb-gcc -Wall -O0 -g3 -c -fmessage-length=0 -MT"src/elt3017_draw.o" -I../../freertos_mb_1/mb1/include -mlittle-endian -mxl-barrel-shift -mxl-pattern-compare -mno-xl-soft-div -mcpu=v10.0 -mno-xl-soft-mul -mxl-multiply-high -Wl,--no-relax -MMD -MP -MF"src/elt3017_draw.d" -MT"src/elt3017_draw.o" -o "src/elt3017_draw.o" "../src/elt3017_draw.c"
In file included from ../src/elt3017_draw.h:11:0,
                 from ../src/elt3017_draw.c:10:
../src/mb1.h:7:10: note: #pragma message: Running A Dinosaur Game
  #pragma message "Running A Dinosaur Game"
          ^
../src/elt3017_draw.c: In function 'MoveTree':
../src/elt3017_draw.c:126:46: warning: passing argument 3 of 'DrawARectMemcpy' makes integer from pointer without a cast [-Wint-conversion]
    DrawARectMemcpy(fidx, RESOLUTION_640x480, x    , 11+speed+TreeWidth, 480 - *toado - 60, 0x000000);
                                              ^
../src/elt3017_draw.c:67:6: note: expected 'long unsigned int' but argument is of type 'long unsigned int *'
 void DrawARectMemcpy(int fidx, char resolution,unsigned long pixel, int w, int h, u32 val){
      ^
../src/elt3017_draw.c:129:46: warning: passing argument 3 of 'DrawARectMemcpy' makes integer from pointer without a cast [-Wint-conversion]
    DrawARectMemcpy(fidx, RESOLUTION_640x480, x + speed, TreeWidth , 480 - *toado - 60, 0x000000);
                                              ^
../src/elt3017_draw.c:67:6: note: expected 'long unsigned int' but argument is of type 'long unsigned int *'
 void DrawARectMemcpy(int fidx, char resolution,unsigned long pixel, int w, int h, u32 val){
      ^
../src/elt3017_draw.c:131:46: warning: passing argument 3 of 'DrawARectMemcpy' makes integer from pointer without a cast [-Wint-conversion]
    DrawARectMemcpy(fidx, RESOLUTION_640x480, x + speed, TreeWidth , 480 - *toado - 60, 0x00ff12);
                                              ^
../src/elt3017_draw.c:67:6: note: expected 'long unsigned int' but argument is of type 'long unsigned int *'
 void DrawARectMemcpy(int fidx, char resolution,unsigned long pixel, int w, int h, u32 val){
      ^
'Finished building: ../src/elt3017_draw.c'
' '
'Building target: MB1_RTOS.elf'
'Invoking: MicroBlaze gcc linker'
mb-gcc -Wl,-T -Wl,../src/lscript.ld -L../../freertos_mb_1/mb1/lib -mlittle-endian -mxl-barrel-shift -mxl-pattern-compare -mno-xl-soft-div -mcpu=v10.0 -mno-xl-soft-mul -mxl-multiply-high -Wl,--no-relax -o "MB1_RTOS.elf"  ./src/elt3017_draw.o ./src/main_dino.o ./src/main_intr.o   -Wl,--start-group,-lxil,-lfreertos,-lgcc,-lc,--end-group
'Finished building target: MB1_RTOS.elf'
' '
'Invoking: MicroBlaze Print Size'
mb-size MB1_RTOS.elf  |tee "MB1_RTOS.elf.size"
   text	   data	    bss	    dec	    hex	filename
  96056	   1768	  69688	 167512	  28e58	MB1_RTOS.elf
'Finished building: MB1_RTOS.elf.size'
' '
16:35:30 **** Incremental Build of configuration Debug for project driver_HDMI ****
make all 
make: Nothing to be done for `all'.
16:37:31 **** Incremental Build of configuration Debug for project MB1_RTOS ****
make all 
'Building file: ../src/elt3017_draw.c'
'Invoking: MicroBlaze gcc compiler'
mb-gcc -Wall -O0 -g3 -c -fmessage-length=0 -MT"src/elt3017_draw.o" -I../../freertos_mb_1/mb1/include -mlittle-endian -mxl-barrel-shift -mxl-pattern-compare -mno-xl-soft-div -mcpu=v10.0 -mno-xl-soft-mul -mxl-multiply-high -Wl,--no-relax -MMD -MP -MF"src/elt3017_draw.d" -MT"src/elt3017_draw.o" -o "src/elt3017_draw.o" "../src/elt3017_draw.c"
In file included from ../src/elt3017_draw.h:11:0,
                 from ../src/elt3017_draw.c:10:
../src/mb1.h:7:10: note: #pragma message: Running A Dinosaur Game
  #pragma message "Running A Dinosaur Game"
          ^
../src/elt3017_draw.c: In function 'MoveTree':
../src/elt3017_draw.c:126:46: warning: passing argument 3 of 'DrawARectMemcpy' makes integer from pointer without a cast [-Wint-conversion]
    DrawARectMemcpy(fidx, RESOLUTION_640x480, x    , 11+speed+TreeWidth, 480 - *toado - 60, 0x00ff12);
                                              ^
../src/elt3017_draw.c:67:6: note: expected 'long unsigned int' but argument is of type 'long unsigned int *'
 void DrawARectMemcpy(int fidx, char resolution,unsigned long pixel, int w, int h, u32 val){
      ^
../src/elt3017_draw.c:129:46: warning: passing argument 3 of 'DrawARectMemcpy' makes integer from pointer without a cast [-Wint-conversion]
    DrawARectMemcpy(fidx, RESOLUTION_640x480, x + speed, TreeWidth , 480 - *toado - 60, 0x000000);
                                              ^
../src/elt3017_draw.c:67:6: note: expected 'long unsigned int' but argument is of type 'long unsigned int *'
 void DrawARectMemcpy(int fidx, char resolution,unsigned long pixel, int w, int h, u32 val){
      ^
../src/elt3017_draw.c:131:46: warning: passing argument 3 of 'DrawARectMemcpy' makes integer from pointer without a cast [-Wint-conversion]
    DrawARectMemcpy(fidx, RESOLUTION_640x480, x + speed, TreeWidth , 480 - *toado - 60, 0x00ff12);
                                              ^
../src/elt3017_draw.c:67:6: note: expected 'long unsigned int' but argument is of type 'long unsigned int *'
 void DrawARectMemcpy(int fidx, char resolution,unsigned long pixel, int w, int h, u32 val){
      ^
'Finished building: ../src/elt3017_draw.c'
' '
'Building target: MB1_RTOS.elf'
'Invoking: MicroBlaze gcc linker'
mb-gcc -Wl,-T -Wl,../src/lscript.ld -L../../freertos_mb_1/mb1/lib -mlittle-endian -mxl-barrel-shift -mxl-pattern-compare -mno-xl-soft-div -mcpu=v10.0 -mno-xl-soft-mul -mxl-multiply-high -Wl,--no-relax -o "MB1_RTOS.elf"  ./src/elt3017_draw.o ./src/main_dino.o ./src/main_intr.o   -Wl,--start-group,-lxil,-lfreertos,-lgcc,-lc,--end-group
'Finished building target: MB1_RTOS.elf'
' '
'Invoking: MicroBlaze Print Size'
mb-size MB1_RTOS.elf  |tee "MB1_RTOS.elf.size"
   text	   data	    bss	    dec	    hex	filename
  96056	   1768	  69688	 167512	  28e58	MB1_RTOS.elf
'Finished building: MB1_RTOS.elf.size'
' '
16:37:45 **** Incremental Build of configuration Debug for project driver_HDMI ****
make all 
make: Nothing to be done for `all'.
16:40:23 **** Incremental Build of configuration Debug for project MB1_RTOS ****
make all 
'Building file: ../src/elt3017_draw.c'
'Invoking: MicroBlaze gcc compiler'
mb-gcc -Wall -O0 -g3 -c -fmessage-length=0 -MT"src/elt3017_draw.o" -I../../freertos_mb_1/mb1/include -mlittle-endian -mxl-barrel-shift -mxl-pattern-compare -mno-xl-soft-div -mcpu=v10.0 -mno-xl-soft-mul -mxl-multiply-high -Wl,--no-relax -MMD -MP -MF"src/elt3017_draw.d" -MT"src/elt3017_draw.o" -o "src/elt3017_draw.o" "../src/elt3017_draw.c"
In file included from ../src/elt3017_draw.h:11:0,
                 from ../src/elt3017_draw.c:10:
../src/mb1.h:7:10: note: #pragma message: Running A Dinosaur Game
  #pragma message "Running A Dinosaur Game"
          ^
../src/elt3017_draw.c: In function 'MoveTree':
../src/elt3017_draw.c:126:46: warning: passing argument 3 of 'DrawARectMemcpy' makes integer from pointer without a cast [-Wint-conversion]
    DrawARectMemcpy(fidx, RESOLUTION_640x480, x    , 11+speed+TreeWidth, 480 - *toado - 60, 0x00ff12);
                                              ^
../src/elt3017_draw.c:67:6: note: expected 'long unsigned int' but argument is of type 'long unsigned int *'
 void DrawARectMemcpy(int fidx, char resolution,unsigned long pixel, int w, int h, u32 val){
      ^
../src/elt3017_draw.c:129:46: warning: passing argument 3 of 'DrawARectMemcpy' makes integer from pointer without a cast [-Wint-conversion]
    DrawARectMemcpy(fidx, RESOLUTION_640x480, x + speed, TreeWidth , 480 - *toado - 60, 0x000000);
                                              ^
../src/elt3017_draw.c:67:6: note: expected 'long unsigned int' but argument is of type 'long unsigned int *'
 void DrawARectMemcpy(int fidx, char resolution,unsigned long pixel, int w, int h, u32 val){
      ^
../src/elt3017_draw.c:131:46: warning: passing argument 3 of 'DrawARectMemcpy' makes integer from pointer without a cast [-Wint-conversion]
    DrawARectMemcpy(fidx, RESOLUTION_640x480, x + speed, TreeWidth , 480 - *toado - 60, 0x00ff12);
                                              ^
../src/elt3017_draw.c:67:6: note: expected 'long unsigned int' but argument is of type 'long unsigned int *'
 void DrawARectMemcpy(int fidx, char resolution,unsigned long pixel, int w, int h, u32 val){
      ^
'Finished building: ../src/elt3017_draw.c'
' '
'Building target: MB1_RTOS.elf'
'Invoking: MicroBlaze gcc linker'
mb-gcc -Wl,-T -Wl,../src/lscript.ld -L../../freertos_mb_1/mb1/lib -mlittle-endian -mxl-barrel-shift -mxl-pattern-compare -mno-xl-soft-div -mcpu=v10.0 -mno-xl-soft-mul -mxl-multiply-high -Wl,--no-relax -o "MB1_RTOS.elf"  ./src/elt3017_draw.o ./src/main_dino.o ./src/main_intr.o   -Wl,--start-group,-lxil,-lfreertos,-lgcc,-lc,--end-group
'Finished building target: MB1_RTOS.elf'
' '
'Invoking: MicroBlaze Print Size'
mb-size MB1_RTOS.elf  |tee "MB1_RTOS.elf.size"
   text	   data	    bss	    dec	    hex	filename
  96040	   1768	  69688	 167496	  28e48	MB1_RTOS.elf
'Finished building: MB1_RTOS.elf.size'
' '
16:40:29 **** Incremental Build of configuration Debug for project driver_HDMI ****
make all 
make: Nothing to be done for `all'.
16:45:17 **** Incremental Build of configuration Debug for project MB1_RTOS ****
make all 
'Building file: ../src/elt3017_draw.c'
'Invoking: MicroBlaze gcc compiler'
mb-gcc -Wall -O0 -g3 -c -fmessage-length=0 -MT"src/elt3017_draw.o" -I../../freertos_mb_1/mb1/include -mlittle-endian -mxl-barrel-shift -mxl-pattern-compare -mno-xl-soft-div -mcpu=v10.0 -mno-xl-soft-mul -mxl-multiply-high -Wl,--no-relax -MMD -MP -MF"src/elt3017_draw.d" -MT"src/elt3017_draw.o" -o "src/elt3017_draw.o" "../src/elt3017_draw.c"
In file included from ../src/elt3017_draw.h:11:0,
                 from ../src/elt3017_draw.c:10:
../src/mb1.h:7:10: note: #pragma message: Running A Dinosaur Game
  #pragma message "Running A Dinosaur Game"
          ^
../src/elt3017_draw.c: In function 'MoveTree':
../src/elt3017_draw.c:126:46: warning: passing argument 3 of 'DrawARectMemcpy' makes integer from pointer without a cast [-Wint-conversion]
    DrawARectMemcpy(fidx, RESOLUTION_640x480, x    , 11+speed+TreeWidth, 480 - *toado - 60, 0x000000);
                                              ^
../src/elt3017_draw.c:67:6: note: expected 'long unsigned int' but argument is of type 'long unsigned int *'
 void DrawARectMemcpy(int fidx, char resolution,unsigned long pixel, int w, int h, u32 val){
      ^
../src/elt3017_draw.c:129:46: warning: passing argument 3 of 'DrawARectMemcpy' makes integer from pointer without a cast [-Wint-conversion]
    DrawARectMemcpy(fidx, RESOLUTION_640x480, x + speed     , TreeWidth , 480 - *toado - 60, 0x000000);
                                              ^
../src/elt3017_draw.c:67:6: note: expected 'long unsigned int' but argument is of type 'long unsigned int *'
 void DrawARectMemcpy(int fidx, char resolution,unsigned long pixel, int w, int h, u32 val){
      ^
../src/elt3017_draw.c:130:46: warning: passing argument 3 of 'DrawARectMemcpy' makes integer from pointer without a cast [-Wint-conversion]
    DrawARectMemcpy(fidx, RESOLUTION_640x480, x             , TreeWidth , 480 - *toado - 60, 0x00ff12);
                                              ^
../src/elt3017_draw.c:67:6: note: expected 'long unsigned int' but argument is of type 'long unsigned int *'
 void DrawARectMemcpy(int fidx, char resolution,unsigned long pixel, int w, int h, u32 val){
      ^
'Finished building: ../src/elt3017_draw.c'
' '
'Building target: MB1_RTOS.elf'
'Invoking: MicroBlaze gcc linker'
mb-gcc -Wl,-T -Wl,../src/lscript.ld -L../../freertos_mb_1/mb1/lib -mlittle-endian -mxl-barrel-shift -mxl-pattern-compare -mno-xl-soft-div -mcpu=v10.0 -mno-xl-soft-mul -mxl-multiply-high -Wl,--no-relax -o "MB1_RTOS.elf"  ./src/elt3017_draw.o ./src/main_dino.o ./src/main_intr.o   -Wl,--start-group,-lxil,-lfreertos,-lgcc,-lc,--end-group
'Finished building target: MB1_RTOS.elf'
' '
'Invoking: MicroBlaze Print Size'
mb-size MB1_RTOS.elf  |tee "MB1_RTOS.elf.size"
   text	   data	    bss	    dec	    hex	filename
  96024	   1768	  69688	 167480	  28e38	MB1_RTOS.elf
'Finished building: MB1_RTOS.elf.size'
' '
16:45:23 **** Incremental Build of configuration Debug for project driver_HDMI ****
make all 
make: Nothing to be done for `all'.
16:45:29 **** Incremental Build of configuration Debug for project MB1_RTOS ****
make all 
'Building file: ../src/elt3017_draw.c'
'Invoking: MicroBlaze gcc compiler'
mb-gcc -Wall -O0 -g3 -c -fmessage-length=0 -MT"src/elt3017_draw.o" -I../../freertos_mb_1/mb1/include -mlittle-endian -mxl-barrel-shift -mxl-pattern-compare -mno-xl-soft-div -mcpu=v10.0 -mno-xl-soft-mul -mxl-multiply-high -Wl,--no-relax -MMD -MP -MF"src/elt3017_draw.d" -MT"src/elt3017_draw.o" -o "src/elt3017_draw.o" "../src/elt3017_draw.c"
In file included from ../src/elt3017_draw.h:11:0,
                 from ../src/elt3017_draw.c:10:
../src/mb1.h:7:10: note: #pragma message: Running A Dinosaur Game
  #pragma message "Running A Dinosaur Game"
          ^
../src/elt3017_draw.c: In function 'MoveTree':
../src/elt3017_draw.c:126:46: warning: passing argument 3 of 'DrawARectMemcpy' makes integer from pointer without a cast [-Wint-conversion]
    DrawARectMemcpy(fidx, RESOLUTION_640x480, x    , 11+speed+TreeWidth, 480 - *toado - 60, 0x000000);
                                              ^
../src/elt3017_draw.c:67:6: note: expected 'long unsigned int' but argument is of type 'long unsigned int *'
 void DrawARectMemcpy(int fidx, char resolution,unsigned long pixel, int w, int h, u32 val){
      ^
../src/elt3017_draw.c:129:46: warning: passing argument 3 of 'DrawARectMemcpy' makes integer from pointer without a cast [-Wint-conversion]
    DrawARectMemcpy(fidx, RESOLUTION_640x480, x + speed     , TreeWidth , 480 - *toado - 60, 0x000000);
                                              ^
../src/elt3017_draw.c:67:6: note: expected 'long unsigned int' but argument is of type 'long unsigned int *'
 void DrawARectMemcpy(int fidx, char resolution,unsigned long pixel, int w, int h, u32 val){
      ^
../src/elt3017_draw.c:130:46: warning: passing argument 3 of 'DrawARectMemcpy' makes integer from pointer without a cast [-Wint-conversion]
    DrawARectMemcpy(fidx, RESOLUTION_640x480, x             , TreeWidth , 480 - *toado - 60, 0x00ff12);
                                              ^
../src/elt3017_draw.c:67:6: note: expected 'long unsigned int' but argument is of type 'long unsigned int *'
 void DrawARectMemcpy(int fidx, char resolution,unsigned long pixel, int w, int h, u32 val){
      ^
'Finished building: ../src/elt3017_draw.c'
' '
'Building target: MB1_RTOS.elf'
'Invoking: MicroBlaze gcc linker'
mb-gcc -Wl,-T -Wl,../src/lscript.ld -L../../freertos_mb_1/mb1/lib -mlittle-endian -mxl-barrel-shift -mxl-pattern-compare -mno-xl-soft-div -mcpu=v10.0 -mno-xl-soft-mul -mxl-multiply-high -Wl,--no-relax -o "MB1_RTOS.elf"  ./src/elt3017_draw.o ./src/main_dino.o ./src/main_intr.o   -Wl,--start-group,-lxil,-lfreertos,-lgcc,-lc,--end-group
'Finished building target: MB1_RTOS.elf'
' '
'Invoking: MicroBlaze Print Size'
mb-size MB1_RTOS.elf  |tee "MB1_RTOS.elf.size"
   text	   data	    bss	    dec	    hex	filename
  96056	   1768	  69688	 167512	  28e58	MB1_RTOS.elf
'Finished building: MB1_RTOS.elf.size'
' '
16:45:33 **** Incremental Build of configuration Debug for project driver_HDMI ****
make all 
make: Nothing to be done for `all'.
16:49:37 **** Incremental Build of configuration Debug for project MB1_RTOS ****
make all 
'Building file: ../src/elt3017_draw.c'
'Invoking: MicroBlaze gcc compiler'
mb-gcc -Wall -O0 -g3 -c -fmessage-length=0 -MT"src/elt3017_draw.o" -I../../freertos_mb_1/mb1/include -mlittle-endian -mxl-barrel-shift -mxl-pattern-compare -mno-xl-soft-div -mcpu=v10.0 -mno-xl-soft-mul -mxl-multiply-high -Wl,--no-relax -MMD -MP -MF"src/elt3017_draw.d" -MT"src/elt3017_draw.o" -o "src/elt3017_draw.o" "../src/elt3017_draw.c"
In file included from ../src/elt3017_draw.h:11:0,
                 from ../src/elt3017_draw.c:10:
../src/mb1.h:7:10: note: #pragma message: Running A Dinosaur Game
  #pragma message "Running A Dinosaur Game"
          ^
../src/elt3017_draw.c: In function 'MoveTree':
../src/elt3017_draw.c:126:46: warning: passing argument 3 of 'DrawARectMemcpy' makes integer from pointer without a cast [-Wint-conversion]
    DrawARectMemcpy(fidx, RESOLUTION_640x480, x    , 11+speed+TreeWidth, 480 - *toado - 60, 0x000000);
                                              ^
../src/elt3017_draw.c:67:6: note: expected 'long unsigned int' but argument is of type 'long unsigned int *'
 void DrawARectMemcpy(int fidx, char resolution,unsigned long pixel, int w, int h, u32 val){
      ^
../src/elt3017_draw.c:129:46: warning: passing argument 3 of 'DrawARectMemcpy' makes integer from pointer without a cast [-Wint-conversion]
    DrawARectMemcpy(fidx, RESOLUTION_640x480, x + speed     , TreeWidth , 480 - *toado - 60, 0x000000);
                                              ^
../src/elt3017_draw.c:67:6: note: expected 'long unsigned int' but argument is of type 'long unsigned int *'
 void DrawARectMemcpy(int fidx, char resolution,unsigned long pixel, int w, int h, u32 val){
      ^
../src/elt3017_draw.c:130:46: warning: passing argument 3 of 'DrawARectMemcpy' makes integer from pointer without a cast [-Wint-conversion]
    DrawARectMemcpy(fidx, RESOLUTION_640x480, x             , TreeWidth , 480 - *toado - 60, 0x00ff12);
                                              ^
../src/elt3017_draw.c:67:6: note: expected 'long unsigned int' but argument is of type 'long unsigned int *'
 void DrawARectMemcpy(int fidx, char resolution,unsigned long pixel, int w, int h, u32 val){
      ^
'Finished building: ../src/elt3017_draw.c'
' '
'Building target: MB1_RTOS.elf'
'Invoking: MicroBlaze gcc linker'
mb-gcc -Wl,-T -Wl,../src/lscript.ld -L../../freertos_mb_1/mb1/lib -mlittle-endian -mxl-barrel-shift -mxl-pattern-compare -mno-xl-soft-div -mcpu=v10.0 -mno-xl-soft-mul -mxl-multiply-high -Wl,--no-relax -o "MB1_RTOS.elf"  ./src/elt3017_draw.o ./src/main_dino.o ./src/main_intr.o   -Wl,--start-group,-lxil,-lfreertos,-lgcc,-lc,--end-group
'Finished building target: MB1_RTOS.elf'
' '
'Invoking: MicroBlaze Print Size'
mb-size MB1_RTOS.elf  |tee "MB1_RTOS.elf.size"
   text	   data	    bss	    dec	    hex	filename
  96056	   1768	  69688	 167512	  28e58	MB1_RTOS.elf
'Finished building: MB1_RTOS.elf.size'
' '
16:49:45 **** Incremental Build of configuration Debug for project driver_HDMI ****
make all 
make: Nothing to be done for `all'.
16:54:15 **** Incremental Build of configuration Debug for project MB1_RTOS ****
make all 
'Building file: ../src/elt3017_draw.c'
'Invoking: MicroBlaze gcc compiler'
mb-gcc -Wall -O0 -g3 -c -fmessage-length=0 -MT"src/elt3017_draw.o" -I../../freertos_mb_1/mb1/include -mlittle-endian -mxl-barrel-shift -mxl-pattern-compare -mno-xl-soft-div -mcpu=v10.0 -mno-xl-soft-mul -mxl-multiply-high -Wl,--no-relax -MMD -MP -MF"src/elt3017_draw.d" -MT"src/elt3017_draw.o" -o "src/elt3017_draw.o" "../src/elt3017_draw.c"
In file included from ../src/elt3017_draw.h:11:0,
                 from ../src/elt3017_draw.c:10:
../src/mb1.h:7:10: note: #pragma message: Running A Dinosaur Game
  #pragma message "Running A Dinosaur Game"
          ^
../src/elt3017_draw.c: In function 'MoveTree':
../src/elt3017_draw.c:126:46: warning: passing argument 3 of 'DrawARectMemcpy' makes integer from pointer without a cast [-Wint-conversion]
    DrawARectMemcpy(fidx, RESOLUTION_640x480, x    , 11+speed+TreeWidth, 480 - *toado - 60, 0x000000);
                                              ^
../src/elt3017_draw.c:67:6: note: expected 'long unsigned int' but argument is of type 'long unsigned int *'
 void DrawARectMemcpy(int fidx, char resolution,unsigned long pixel, int w, int h, u32 val){
      ^
../src/elt3017_draw.c:129:46: warning: passing argument 3 of 'DrawARectMemcpy' makes integer from pointer without a cast [-Wint-conversion]
    DrawARectMemcpy(fidx, RESOLUTION_640x480, x + speed     , TreeWidth , 480 - *toado - 60, 0x000000);
                                              ^
../src/elt3017_draw.c:67:6: note: expected 'long unsigned int' but argument is of type 'long unsigned int *'
 void DrawARectMemcpy(int fidx, char resolution,unsigned long pixel, int w, int h, u32 val){
      ^
../src/elt3017_draw.c:130:46: warning: passing argument 3 of 'DrawARectMemcpy' makes integer from pointer without a cast [-Wint-conversion]
    DrawARectMemcpy(fidx, RESOLUTION_640x480, x             , TreeWidth , 480 - *toado - 60, 0x00ff12);
                                              ^
../src/elt3017_draw.c:67:6: note: expected 'long unsigned int' but argument is of type 'long unsigned int *'
 void DrawARectMemcpy(int fidx, char resolution,unsigned long pixel, int w, int h, u32 val){
      ^
../src/elt3017_draw.c:121:16: warning: unused variable 'pixel' [-Wunused-variable]
  unsigned long pixel  = ToPindex(*x,*toado);
                ^
'Finished building: ../src/elt3017_draw.c'
' '
'Building target: MB1_RTOS.elf'
'Invoking: MicroBlaze gcc linker'
mb-gcc -Wl,-T -Wl,../src/lscript.ld -L../../freertos_mb_1/mb1/lib -mlittle-endian -mxl-barrel-shift -mxl-pattern-compare -mno-xl-soft-div -mcpu=v10.0 -mno-xl-soft-mul -mxl-multiply-high -Wl,--no-relax -o "MB1_RTOS.elf"  ./src/elt3017_draw.o ./src/main_dino.o ./src/main_intr.o   -Wl,--start-group,-lxil,-lfreertos,-lgcc,-lc,--end-group
'Finished building target: MB1_RTOS.elf'
' '
'Invoking: MicroBlaze Print Size'
mb-size MB1_RTOS.elf  |tee "MB1_RTOS.elf.size"
   text	   data	    bss	    dec	    hex	filename
  95880	   1768	  69688	 167336	  28da8	MB1_RTOS.elf
'Finished building: MB1_RTOS.elf.size'
' '
16:54:21 **** Incremental Build of configuration Debug for project driver_HDMI ****
make all 
make: Nothing to be done for `all'.
16:57:33 **** Incremental Build of configuration Debug for project MB1_RTOS ****
make all 
'Building file: ../src/elt3017_draw.c'
'Invoking: MicroBlaze gcc compiler'
mb-gcc -Wall -O0 -g3 -c -fmessage-length=0 -MT"src/elt3017_draw.o" -I../../freertos_mb_1/mb1/include -mlittle-endian -mxl-barrel-shift -mxl-pattern-compare -mno-xl-soft-div -mcpu=v10.0 -mno-xl-soft-mul -mxl-multiply-high -Wl,--no-relax -MMD -MP -MF"src/elt3017_draw.d" -MT"src/elt3017_draw.o" -o "src/elt3017_draw.o" "../src/elt3017_draw.c"
In file included from ../src/elt3017_draw.h:11:0,
                 from ../src/elt3017_draw.c:10:
../src/mb1.h:7:10: note: #pragma message: Running A Dinosaur Game
  #pragma message "Running A Dinosaur Game"
          ^
../src/elt3017_draw.c: In function 'MoveTree':
../src/elt3017_draw.c:126:46: warning: passing argument 3 of 'DrawARectMemcpy' makes integer from pointer without a cast [-Wint-conversion]
    DrawARectMemcpy(fidx, RESOLUTION_640x480, x    , 11+speed+TreeWidth, *toado - 60, 0x000000);
                                              ^
../src/elt3017_draw.c:67:6: note: expected 'long unsigned int' but argument is of type 'long unsigned int *'
 void DrawARectMemcpy(int fidx, char resolution,unsigned long pixel, int w, int h, u32 val){
      ^
../src/elt3017_draw.c:129:46: warning: passing argument 3 of 'DrawARectMemcpy' makes integer from pointer without a cast [-Wint-conversion]
    DrawARectMemcpy(fidx, RESOLUTION_640x480, x + speed     , TreeWidth , *toado - 60, 0x000000);
                                              ^
../src/elt3017_draw.c:67:6: note: expected 'long unsigned int' but argument is of type 'long unsigned int *'
 void DrawARectMemcpy(int fidx, char resolution,unsigned long pixel, int w, int h, u32 val){
      ^
../src/elt3017_draw.c:130:46: warning: passing argument 3 of 'DrawARectMemcpy' makes integer from pointer without a cast [-Wint-conversion]
    DrawARectMemcpy(fidx, RESOLUTION_640x480, x             , TreeWidth , *toado - 60, 0x00ff12);
                                              ^
../src/elt3017_draw.c:67:6: note: expected 'long unsigned int' but argument is of type 'long unsigned int *'
 void DrawARectMemcpy(int fidx, char resolution,unsigned long pixel, int w, int h, u32 val){
      ^
../src/elt3017_draw.c:121:16: warning: unused variable 'pixel' [-Wunused-variable]
  unsigned long pixel  = ToPindex(*x,*toado);
                ^
'Finished building: ../src/elt3017_draw.c'
' '
'Building target: MB1_RTOS.elf'
'Invoking: MicroBlaze gcc linker'
mb-gcc -Wl,-T -Wl,../src/lscript.ld -L../../freertos_mb_1/mb1/lib -mlittle-endian -mxl-barrel-shift -mxl-pattern-compare -mno-xl-soft-div -mcpu=v10.0 -mno-xl-soft-mul -mxl-multiply-high -Wl,--no-relax -o "MB1_RTOS.elf"  ./src/elt3017_draw.o ./src/main_dino.o ./src/main_intr.o   -Wl,--start-group,-lxil,-lfreertos,-lgcc,-lc,--end-group
'Finished building target: MB1_RTOS.elf'
' '
'Invoking: MicroBlaze Print Size'
mb-size MB1_RTOS.elf  |tee "MB1_RTOS.elf.size"
   text	   data	    bss	    dec	    hex	filename
  95864	   1768	  69688	 167320	  28d98	MB1_RTOS.elf
'Finished building: MB1_RTOS.elf.size'
' '
16:57:41 **** Incremental Build of configuration Debug for project driver_HDMI ****
make all 
make: Nothing to be done for `all'.
17:02:05 **** Incremental Build of configuration Debug for project MB1_RTOS ****
make all 
'Building file: ../src/main_dino.c'
'Invoking: MicroBlaze gcc compiler'
mb-gcc -Wall -O0 -g3 -c -fmessage-length=0 -MT"src/main_dino.o" -I../../freertos_mb_1/mb1/include -mlittle-endian -mxl-barrel-shift -mxl-pattern-compare -mno-xl-soft-div -mcpu=v10.0 -mno-xl-soft-mul -mxl-multiply-high -Wl,--no-relax -MMD -MP -MF"src/main_dino.d" -MT"src/main_dino.o" -o "src/main_dino.o" "../src/main_dino.c"
In file included from ../src/main_dino.c:1:0:
../src/mb1.h:7:10: note: #pragma message: Running A Dinosaur Game
  #pragma message "Running A Dinosaur Game"
          ^
../src/main_dino.c: In function 'DrawTask':
../src/main_dino.c:188:72: warning: pointer targets in passing argument 5 of 'MoveTree' differ in signedness [-Wpointer-sign]
     MoveTree(frame_index, &MyTree[indx].X, MyTree[indx].height, speed, &MyTree[indx].toado);
                                                                        ^
In file included from ../src/main_dino.c:14:0:
../src/elt3017_draw.h:146:6: note: expected 'int *' but argument is of type 'unsigned int *'
 void MoveTree(int fidx, unsigned long *x,int d, int speed, int *toado);
      ^
../src/main_dino.c: At top level:
../src/main_dino.c:34:21: warning: 'xCheckLose' defined but not used [-Wunused-variable]
 static TaskHandle_t xCheckLose;
                     ^
'Finished building: ../src/main_dino.c'
' '
'Building target: MB1_RTOS.elf'
'Invoking: MicroBlaze gcc linker'
mb-gcc -Wl,-T -Wl,../src/lscript.ld -L../../freertos_mb_1/mb1/lib -mlittle-endian -mxl-barrel-shift -mxl-pattern-compare -mno-xl-soft-div -mcpu=v10.0 -mno-xl-soft-mul -mxl-multiply-high -Wl,--no-relax -o "MB1_RTOS.elf"  ./src/elt3017_draw.o ./src/main_dino.o ./src/main_intr.o   -Wl,--start-group,-lxil,-lfreertos,-lgcc,-lc,--end-group
'Finished building target: MB1_RTOS.elf'
' '
'Invoking: MicroBlaze Print Size'
mb-size MB1_RTOS.elf  |tee "MB1_RTOS.elf.size"
   text	   data	    bss	    dec	    hex	filename
  95880	   1768	  69688	 167336	  28da8	MB1_RTOS.elf
'Finished building: MB1_RTOS.elf.size'
' '
17:02:19 **** Incremental Build of configuration Debug for project driver_HDMI ****
make all 
make: Nothing to be done for `all'.
17:03:53 **** Incremental Build of configuration Debug for project MB1_RTOS ****
make all 
'Building file: ../src/elt3017_draw.c'
'Invoking: MicroBlaze gcc compiler'
mb-gcc -Wall -O0 -g3 -c -fmessage-length=0 -MT"src/elt3017_draw.o" -I../../freertos_mb_1/mb1/include -mlittle-endian -mxl-barrel-shift -mxl-pattern-compare -mno-xl-soft-div -mcpu=v10.0 -mno-xl-soft-mul -mxl-multiply-high -Wl,--no-relax -MMD -MP -MF"src/elt3017_draw.d" -MT"src/elt3017_draw.o" -o "src/elt3017_draw.o" "../src/elt3017_draw.c"
In file included from ../src/elt3017_draw.h:11:0,
                 from ../src/elt3017_draw.c:10:
../src/mb1.h:7:10: note: #pragma message: Running A Dinosaur Game
  #pragma message "Running A Dinosaur Game"
          ^
../src/elt3017_draw.c: In function 'MoveTree':
../src/elt3017_draw.c:126:46: warning: passing argument 3 of 'DrawARectMemcpy' makes integer from pointer without a cast [-Wint-conversion]
    DrawARectMemcpy(fidx, RESOLUTION_640x480, x    , 11+speed+TreeWidth, *toado - 60, 0x000000);
                                              ^
../src/elt3017_draw.c:67:6: note: expected 'long unsigned int' but argument is of type 'long unsigned int *'
 void DrawARectMemcpy(int fidx, char resolution,unsigned long pixel, int w, int h, u32 val){
      ^
../src/elt3017_draw.c:129:46: warning: passing argument 3 of 'DrawARectMemcpy' makes integer from pointer without a cast [-Wint-conversion]
    DrawARectMemcpy(fidx, RESOLUTION_640x480, x + speed     , TreeWidth , *toado - 60, 0x000000);
                                              ^
../src/elt3017_draw.c:67:6: note: expected 'long unsigned int' but argument is of type 'long unsigned int *'
 void DrawARectMemcpy(int fidx, char resolution,unsigned long pixel, int w, int h, u32 val){
      ^
../src/elt3017_draw.c:130:46: warning: passing argument 3 of 'DrawARectMemcpy' makes integer from pointer without a cast [-Wint-conversion]
    DrawARectMemcpy(fidx, RESOLUTION_640x480, x             , TreeWidth , *toado - 60, 0x00ff12);
                                              ^
../src/elt3017_draw.c:67:6: note: expected 'long unsigned int' but argument is of type 'long unsigned int *'
 void DrawARectMemcpy(int fidx, char resolution,unsigned long pixel, int w, int h, u32 val){
      ^
'Finished building: ../src/elt3017_draw.c'
' '
'Building target: MB1_RTOS.elf'
'Invoking: MicroBlaze gcc linker'
mb-gcc -Wl,-T -Wl,../src/lscript.ld -L../../freertos_mb_1/mb1/lib -mlittle-endian -mxl-barrel-shift -mxl-pattern-compare -mno-xl-soft-div -mcpu=v10.0 -mno-xl-soft-mul -mxl-multiply-high -Wl,--no-relax -o "MB1_RTOS.elf"  ./src/elt3017_draw.o ./src/main_dino.o ./src/main_intr.o   -Wl,--start-group,-lxil,-lfreertos,-lgcc,-lc,--end-group
'Finished building target: MB1_RTOS.elf'
' '
'Invoking: MicroBlaze Print Size'
mb-size MB1_RTOS.elf  |tee "MB1_RTOS.elf.size"
   text	   data	    bss	    dec	    hex	filename
  96040	   1768	  69688	 167496	  28e48	MB1_RTOS.elf
'Finished building: MB1_RTOS.elf.size'
' '
17:03:58 **** Incremental Build of configuration Debug for project driver_HDMI ****
make all 
make: Nothing to be done for `all'.
17:06:29 **** Auto Build of configuration Debug for project MB1_RTOS ****
make all 
'Building file: ../src/main_dino.c'
'Invoking: MicroBlaze gcc compiler'
mb-gcc -Wall -O0 -g3 -c -fmessage-length=0 -MT"src/main_dino.o" -I../../freertos_mb_1/mb1/include -mlittle-endian -mxl-barrel-shift -mxl-pattern-compare -mno-xl-soft-div -mcpu=v10.0 -mno-xl-soft-mul -mxl-multiply-high -Wl,--no-relax -MMD -MP -MF"src/main_dino.d" -MT"src/main_dino.o" -o "src/main_dino.o" "../src/main_dino.c"
In file included from ../src/main_dino.c:1:0:
../src/mb1.h:7:10: note: #pragma message: Running A Dinosaur Game
  #pragma message "Running A Dinosaur Game"
          ^
../src/main_dino.c: In function 'DrawTask':
../src/main_dino.c:188:72: warning: pointer targets in passing argument 5 of 'MoveTree' differ in signedness [-Wpointer-sign]
     MoveTree(frame_index, &MyTree[indx].X, MyTree[indx].height, speed, &MyTree[indx].toado);
                                                                        ^
In file included from ../src/main_dino.c:14:0:
../src/elt3017_draw.h:146:6: note: expected 'int *' but argument is of type 'unsigned int *'
 void MoveTree(int fidx, unsigned long *x,int d, int speed, int *toado);
      ^
../src/main_dino.c: At top level:
../src/main_dino.c:34:21: warning: 'xCheckLose' defined but not used [-Wunused-variable]
 static TaskHandle_t xCheckLose;
                     ^
'Finished building: ../src/main_dino.c'
' '
'Building target: MB1_RTOS.elf'
'Invoking: MicroBlaze gcc linker'
mb-gcc -Wl,-T -Wl,../src/lscript.ld -L../../freertos_mb_1/mb1/lib -mlittle-endian -mxl-barrel-shift -mxl-pattern-compare -mno-xl-soft-div -mcpu=v10.0 -mno-xl-soft-mul -mxl-multiply-high -Wl,--no-relax -o "MB1_RTOS.elf"  ./src/elt3017_draw.o ./src/main_dino.o ./src/main_intr.o   -Wl,--start-group,-lxil,-lfreertos,-lgcc,-lc,--end-group
'Finished building target: MB1_RTOS.elf'
' '
'Invoking: MicroBlaze Print Size'
mb-size MB1_RTOS.elf  |tee "MB1_RTOS.elf.size"
   text	   data	    bss	    dec	    hex	filename
  96040	   1768	  69688	 167496	  28e48	MB1_RTOS.elf
'Finished building: MB1_RTOS.elf.size'
' '
17:13:00 **** Incremental Build of configuration Debug for project MB1_RTOS ****
make all 
'Building file: ../src/elt3017_draw.c'
'Invoking: MicroBlaze gcc compiler'
mb-gcc -Wall -O0 -g3 -c -fmessage-length=0 -MT"src/elt3017_draw.o" -I../../freertos_mb_1/mb1/include -mlittle-endian -mxl-barrel-shift -mxl-pattern-compare -mno-xl-soft-div -mcpu=v10.0 -mno-xl-soft-mul -mxl-multiply-high -Wl,--no-relax -MMD -MP -MF"src/elt3017_draw.d" -MT"src/elt3017_draw.o" -o "src/elt3017_draw.o" "../src/elt3017_draw.c"
In file included from ../src/elt3017_draw.h:11:0,
                 from ../src/elt3017_draw.c:10:
../src/mb1.h:7:10: note: #pragma message: Running A Dinosaur Game
  #pragma message "Running A Dinosaur Game"
          ^
../src/elt3017_draw.c: In function 'MoveTree':
../src/elt3017_draw.c:126:46: warning: passing argument 3 of 'DrawARectMemcpy' makes integer from pointer without a cast [-Wint-conversion]
    DrawARectMemcpy(fidx, RESOLUTION_640x480, x    , 11+speed+TreeWidth, *toado - 60      , 0x000000);
                                              ^
../src/elt3017_draw.c:67:6: note: expected 'long unsigned int' but argument is of type 'long unsigned int *'
 void DrawARectMemcpy(int fidx, char resolution,unsigned long pixel, int w, int h, u32 val){
      ^
../src/elt3017_draw.c:129:46: warning: passing argument 3 of 'DrawARectMemcpy' makes integer from pointer without a cast [-Wint-conversion]
    DrawARectMemcpy(fidx, RESOLUTION_640x480, x + speed     , TreeWidth , *toado - 60, 0x000000);
                                              ^
../src/elt3017_draw.c:67:6: note: expected 'long unsigned int' but argument is of type 'long unsigned int *'
 void DrawARectMemcpy(int fidx, char resolution,unsigned long pixel, int w, int h, u32 val){
      ^
../src/elt3017_draw.c:130:46: warning: passing argument 3 of 'DrawARectMemcpy' makes integer from pointer without a cast [-Wint-conversion]
    DrawARectMemcpy(fidx, RESOLUTION_640x480, x             , TreeWidth , *toado - 60, 0x00ff12);
                                              ^
../src/elt3017_draw.c:67:6: note: expected 'long unsigned int' but argument is of type 'long unsigned int *'
 void DrawARectMemcpy(int fidx, char resolution,unsigned long pixel, int w, int h, u32 val){
      ^
../src/elt3017_draw.c:121:16: warning: unused variable 'pixel' [-Wunused-variable]
  unsigned long pixel  = ToPindex(*x,*toado);
                ^
'Finished building: ../src/elt3017_draw.c'
' '
'Building target: MB1_RTOS.elf'
'Invoking: MicroBlaze gcc linker'
mb-gcc -Wl,-T -Wl,../src/lscript.ld -L../../freertos_mb_1/mb1/lib -mlittle-endian -mxl-barrel-shift -mxl-pattern-compare -mno-xl-soft-div -mcpu=v10.0 -mno-xl-soft-mul -mxl-multiply-high -Wl,--no-relax -o "MB1_RTOS.elf"  ./src/elt3017_draw.o ./src/main_dino.o ./src/main_intr.o   -Wl,--start-group,-lxil,-lfreertos,-lgcc,-lc,--end-group
'Finished building target: MB1_RTOS.elf'
' '
'Invoking: MicroBlaze Print Size'
mb-size MB1_RTOS.elf  |tee "MB1_RTOS.elf.size"
   text	   data	    bss	    dec	    hex	filename
  95864	   1768	  69688	 167320	  28d98	MB1_RTOS.elf
'Finished building: MB1_RTOS.elf.size'
' '
17:13:05 **** Incremental Build of configuration Debug for project driver_HDMI ****
make all 
make: Nothing to be done for `all'.
17:15:01 **** Incremental Build of configuration Debug for project MB1_RTOS ****
make all 
'Building file: ../src/elt3017_draw.c'
'Invoking: MicroBlaze gcc compiler'
mb-gcc -Wall -O0 -g3 -c -fmessage-length=0 -MT"src/elt3017_draw.o" -I../../freertos_mb_1/mb1/include -mlittle-endian -mxl-barrel-shift -mxl-pattern-compare -mno-xl-soft-div -mcpu=v10.0 -mno-xl-soft-mul -mxl-multiply-high -Wl,--no-relax -MMD -MP -MF"src/elt3017_draw.d" -MT"src/elt3017_draw.o" -o "src/elt3017_draw.o" "../src/elt3017_draw.c"
In file included from ../src/elt3017_draw.h:11:0,
                 from ../src/elt3017_draw.c:10:
../src/mb1.h:7:10: note: #pragma message: Running A Dinosaur Game
  #pragma message "Running A Dinosaur Game"
          ^
../src/elt3017_draw.c: In function 'MoveTree':
../src/elt3017_draw.c:126:46: warning: passing argument 3 of 'DrawARectMemcpy' makes integer from pointer without a cast [-Wint-conversion]
    DrawARectMemcpy(fidx, RESOLUTION_640x480, x    , 11+speed+TreeWidth, 60      , 0x000000);
                                              ^
../src/elt3017_draw.c:67:6: note: expected 'long unsigned int' but argument is of type 'long unsigned int *'
 void DrawARectMemcpy(int fidx, char resolution,unsigned long pixel, int w, int h, u32 val){
      ^
../src/elt3017_draw.c:129:46: warning: passing argument 3 of 'DrawARectMemcpy' makes integer from pointer without a cast [-Wint-conversion]
    DrawARectMemcpy(fidx, RESOLUTION_640x480, x + speed     , TreeWidth , 60, 0x000000);
                                              ^
../src/elt3017_draw.c:67:6: note: expected 'long unsigned int' but argument is of type 'long unsigned int *'
 void DrawARectMemcpy(int fidx, char resolution,unsigned long pixel, int w, int h, u32 val){
      ^
../src/elt3017_draw.c:130:46: warning: passing argument 3 of 'DrawARectMemcpy' makes integer from pointer without a cast [-Wint-conversion]
    DrawARectMemcpy(fidx, RESOLUTION_640x480, x             , TreeWidth , 60, 0x00ff12);
                                              ^
../src/elt3017_draw.c:67:6: note: expected 'long unsigned int' but argument is of type 'long unsigned int *'
 void DrawARectMemcpy(int fidx, char resolution,unsigned long pixel, int w, int h, u32 val){
      ^
../src/elt3017_draw.c:121:16: warning: unused variable 'pixel' [-Wunused-variable]
  unsigned long pixel  = ToPindex(*x,*toado);
                ^
'Finished building: ../src/elt3017_draw.c'
' '
'Building target: MB1_RTOS.elf'
'Invoking: MicroBlaze gcc linker'
mb-gcc -Wl,-T -Wl,../src/lscript.ld -L../../freertos_mb_1/mb1/lib -mlittle-endian -mxl-barrel-shift -mxl-pattern-compare -mno-xl-soft-div -mcpu=v10.0 -mno-xl-soft-mul -mxl-multiply-high -Wl,--no-relax -o "MB1_RTOS.elf"  ./src/elt3017_draw.o ./src/main_dino.o ./src/main_intr.o   -Wl,--start-group,-lxil,-lfreertos,-lgcc,-lc,--end-group
'Finished building target: MB1_RTOS.elf'
' '
'Invoking: MicroBlaze Print Size'
mb-size MB1_RTOS.elf  |tee "MB1_RTOS.elf.size"
   text	   data	    bss	    dec	    hex	filename
  95832	   1768	  69688	 167288	  28d78	MB1_RTOS.elf
'Finished building: MB1_RTOS.elf.size'
' '
17:15:07 **** Incremental Build of configuration Debug for project driver_HDMI ****
make all 
make: Nothing to be done for `all'.
17:16:56 **** Incremental Build of configuration Debug for project MB1_RTOS ****
make all 
'Building file: ../src/elt3017_draw.c'
'Invoking: MicroBlaze gcc compiler'
mb-gcc -Wall -O0 -g3 -c -fmessage-length=0 -MT"src/elt3017_draw.o" -I../../freertos_mb_1/mb1/include -mlittle-endian -mxl-barrel-shift -mxl-pattern-compare -mno-xl-soft-div -mcpu=v10.0 -mno-xl-soft-mul -mxl-multiply-high -Wl,--no-relax -MMD -MP -MF"src/elt3017_draw.d" -MT"src/elt3017_draw.o" -o "src/elt3017_draw.o" "../src/elt3017_draw.c"
In file included from ../src/elt3017_draw.h:11:0,
                 from ../src/elt3017_draw.c:10:
../src/mb1.h:7:10: note: #pragma message: Running A Dinosaur Game
  #pragma message "Running A Dinosaur Game"
          ^
../src/elt3017_draw.c: In function 'MoveTree':
../src/elt3017_draw.c:126:46: warning: passing argument 3 of 'DrawARectMemcpy' makes integer from pointer without a cast [-Wint-conversion]
    DrawARectMemcpy(fidx, RESOLUTION_640x480, x    , 11+speed+TreeWidth, 200      , 0x000000);
                                              ^
../src/elt3017_draw.c:67:6: note: expected 'long unsigned int' but argument is of type 'long unsigned int *'
 void DrawARectMemcpy(int fidx, char resolution,unsigned long pixel, int w, int h, u32 val){
      ^
../src/elt3017_draw.c:129:46: warning: passing argument 3 of 'DrawARectMemcpy' makes integer from pointer without a cast [-Wint-conversion]
    DrawARectMemcpy(fidx, RESOLUTION_640x480, x + speed     , TreeWidth , 200 , 0x000000);
                                              ^
../src/elt3017_draw.c:67:6: note: expected 'long unsigned int' but argument is of type 'long unsigned int *'
 void DrawARectMemcpy(int fidx, char resolution,unsigned long pixel, int w, int h, u32 val){
      ^
../src/elt3017_draw.c:130:46: warning: passing argument 3 of 'DrawARectMemcpy' makes integer from pointer without a cast [-Wint-conversion]
    DrawARectMemcpy(fidx, RESOLUTION_640x480, x             , TreeWidth , 200, 0x00ff12);
                                              ^
../src/elt3017_draw.c:67:6: note: expected 'long unsigned int' but argument is of type 'long unsigned int *'
 void DrawARectMemcpy(int fidx, char resolution,unsigned long pixel, int w, int h, u32 val){
      ^
../src/elt3017_draw.c:121:16: warning: unused variable 'pixel' [-Wunused-variable]
  unsigned long pixel  = ToPindex(*x,*toado);
                ^
'Finished building: ../src/elt3017_draw.c'
' '
'Building target: MB1_RTOS.elf'
'Invoking: MicroBlaze gcc linker'
mb-gcc -Wl,-T -Wl,../src/lscript.ld -L../../freertos_mb_1/mb1/lib -mlittle-endian -mxl-barrel-shift -mxl-pattern-compare -mno-xl-soft-div -mcpu=v10.0 -mno-xl-soft-mul -mxl-multiply-high -Wl,--no-relax -o "MB1_RTOS.elf"  ./src/elt3017_draw.o ./src/main_dino.o ./src/main_intr.o   -Wl,--start-group,-lxil,-lfreertos,-lgcc,-lc,--end-group
'Finished building target: MB1_RTOS.elf'
' '
'Invoking: MicroBlaze Print Size'
mb-size MB1_RTOS.elf  |tee "MB1_RTOS.elf.size"
   text	   data	    bss	    dec	    hex	filename
  95832	   1768	  69688	 167288	  28d78	MB1_RTOS.elf
'Finished building: MB1_RTOS.elf.size'
' '
17:17:09 **** Incremental Build of configuration Debug for project driver_HDMI ****
make all 
make: Nothing to be done for `all'.
17:19:29 **** Auto Build of configuration Debug for project MB1_RTOS ****
make all 
'Building file: ../src/elt3017_draw.c'
'Invoking: MicroBlaze gcc compiler'
mb-gcc -Wall -O0 -g3 -c -fmessage-length=0 -MT"src/elt3017_draw.o" -I../../freertos_mb_1/mb1/include -mlittle-endian -mxl-barrel-shift -mxl-pattern-compare -mno-xl-soft-div -mcpu=v10.0 -mno-xl-soft-mul -mxl-multiply-high -Wl,--no-relax -MMD -MP -MF"src/elt3017_draw.d" -MT"src/elt3017_draw.o" -o "src/elt3017_draw.o" "../src/elt3017_draw.c"
In file included from ../src/elt3017_draw.h:11:0,
                 from ../src/elt3017_draw.c:10:
../src/mb1.h:7:10: note: #pragma message: Running A Dinosaur Game
  #pragma message "Running A Dinosaur Game"
          ^
../src/elt3017_draw.c: In function 'MoveTree':
../src/elt3017_draw.c:126:46: warning: passing argument 3 of 'DrawARectMemcpy' makes integer from pointer without a cast [-Wint-conversion]
    DrawARectMemcpy(fidx, RESOLUTION_640x480, x +640    , 11+speed+TreeWidth, 200      , 0x000000);
                                              ^
../src/elt3017_draw.c:67:6: note: expected 'long unsigned int' but argument is of type 'long unsigned int *'
 void DrawARectMemcpy(int fidx, char resolution,unsigned long pixel, int w, int h, u32 val){
      ^
../src/elt3017_draw.c:129:46: warning: passing argument 3 of 'DrawARectMemcpy' makes integer from pointer without a cast [-Wint-conversion]
    DrawARectMemcpy(fidx, RESOLUTION_640x480, x + 640 + speed     , TreeWidth , 200 , 0x000000);
                                              ^
../src/elt3017_draw.c:67:6: note: expected 'long unsigned int' but argument is of type 'long unsigned int *'
 void DrawARectMemcpy(int fidx, char resolution,unsigned long pixel, int w, int h, u32 val){
      ^
../src/elt3017_draw.c:130:46: warning: passing argument 3 of 'DrawARectMemcpy' makes integer from pointer without a cast [-Wint-conversion]
    DrawARectMemcpy(fidx, RESOLUTION_640x480, x  + 640         , TreeWidth , 200, 0x00ff12);
                                              ^
../src/elt3017_draw.c:67:6: note: expected 'long unsigned int' but argument is of type 'long unsigned int *'
 void DrawARectMemcpy(int fidx, char resolution,unsigned long pixel, int w, int h, u32 val){
      ^
../src/elt3017_draw.c:121:16: warning: unused variable 'pixel' [-Wunused-variable]
  unsigned long pixel  = ToPindex(*x,*toado);
                ^
'Finished building: ../src/elt3017_draw.c'
' '
'Building target: MB1_RTOS.elf'
'Invoking: MicroBlaze gcc linker'
mb-gcc -Wl,-T -Wl,../src/lscript.ld -L../../freertos_mb_1/mb1/lib -mlittle-endian -mxl-barrel-shift -mxl-pattern-compare -mno-xl-soft-div -mcpu=v10.0 -mno-xl-soft-mul -mxl-multiply-high -Wl,--no-relax -o "MB1_RTOS.elf"  ./src/elt3017_draw.o ./src/main_dino.o ./src/main_intr.o   -Wl,--start-group,-lxil,-lfreertos,-lgcc,-lc,--end-group
'Finished building target: MB1_RTOS.elf'
' '
'Invoking: MicroBlaze Print Size'
mb-size MB1_RTOS.elf  |tee "MB1_RTOS.elf.size"
   text	   data	    bss	    dec	    hex	filename
  95848	   1768	  69688	 167304	  28d88	MB1_RTOS.elf
'Finished building: MB1_RTOS.elf.size'
' '
17:19:35 **** Incremental Build of configuration Debug for project MB1_RTOS ****
make all 
make: Nothing to be done for `all'.
17:19:36 **** Incremental Build of configuration Debug for project driver_HDMI ****
make all 
make: Nothing to be done for `all'.
17:21:32 **** Incremental Build of configuration Debug for project MB1_RTOS ****
make all 
'Building file: ../src/elt3017_draw.c'
'Invoking: MicroBlaze gcc compiler'
mb-gcc -Wall -O0 -g3 -c -fmessage-length=0 -MT"src/elt3017_draw.o" -I../../freertos_mb_1/mb1/include -mlittle-endian -mxl-barrel-shift -mxl-pattern-compare -mno-xl-soft-div -mcpu=v10.0 -mno-xl-soft-mul -mxl-multiply-high -Wl,--no-relax -MMD -MP -MF"src/elt3017_draw.d" -MT"src/elt3017_draw.o" -o "src/elt3017_draw.o" "../src/elt3017_draw.c"
In file included from ../src/elt3017_draw.h:11:0,
                 from ../src/elt3017_draw.c:10:
../src/mb1.h:7:10: note: #pragma message: Running A Dinosaur Game
  #pragma message "Running A Dinosaur Game"
          ^
../src/elt3017_draw.c: In function 'MoveTree':
../src/elt3017_draw.c:126:46: warning: passing argument 3 of 'DrawARectMemcpy' makes integer from pointer without a cast [-Wint-conversion]
    DrawARectMemcpy(fidx, RESOLUTION_640x480, x +640    , 11+speed+TreeWidth, d      , 0x000000);
                                              ^
../src/elt3017_draw.c:67:6: note: expected 'long unsigned int' but argument is of type 'long unsigned int *'
 void DrawARectMemcpy(int fidx, char resolution,unsigned long pixel, int w, int h, u32 val){
      ^
../src/elt3017_draw.c:129:46: warning: passing argument 3 of 'DrawARectMemcpy' makes integer from pointer without a cast [-Wint-conversion]
    DrawARectMemcpy(fidx, RESOLUTION_640x480, x + 640 + speed     , TreeWidth , d , 0x000000);
                                              ^
../src/elt3017_draw.c:67:6: note: expected 'long unsigned int' but argument is of type 'long unsigned int *'
 void DrawARectMemcpy(int fidx, char resolution,unsigned long pixel, int w, int h, u32 val){
      ^
../src/elt3017_draw.c:130:46: warning: passing argument 3 of 'DrawARectMemcpy' makes integer from pointer without a cast [-Wint-conversion]
    DrawARectMemcpy(fidx, RESOLUTION_640x480, x  + 640         , TreeWidth , 200, 0x00ff12);
                                              ^
../src/elt3017_draw.c:67:6: note: expected 'long unsigned int' but argument is of type 'long unsigned int *'
 void DrawARectMemcpy(int fidx, char resolution,unsigned long pixel, int w, int h, u32 val){
      ^
../src/elt3017_draw.c:121:16: warning: unused variable 'pixel' [-Wunused-variable]
  unsigned long pixel  = ToPindex(*x,*toado);
                ^
'Finished building: ../src/elt3017_draw.c'
' '
'Building target: MB1_RTOS.elf'
'Invoking: MicroBlaze gcc linker'
mb-gcc -Wl,-T -Wl,../src/lscript.ld -L../../freertos_mb_1/mb1/lib -mlittle-endian -mxl-barrel-shift -mxl-pattern-compare -mno-xl-soft-div -mcpu=v10.0 -mno-xl-soft-mul -mxl-multiply-high -Wl,--no-relax -o "MB1_RTOS.elf"  ./src/elt3017_draw.o ./src/main_dino.o ./src/main_intr.o   -Wl,--start-group,-lxil,-lfreertos,-lgcc,-lc,--end-group
'Finished building target: MB1_RTOS.elf'
' '
'Invoking: MicroBlaze Print Size'
mb-size MB1_RTOS.elf  |tee "MB1_RTOS.elf.size"
   text	   data	    bss	    dec	    hex	filename
  95848	   1768	  69688	 167304	  28d88	MB1_RTOS.elf
'Finished building: MB1_RTOS.elf.size'
' '
17:21:37 **** Incremental Build of configuration Debug for project driver_HDMI ****
make all 
make: Nothing to be done for `all'.
17:24:53 **** Incremental Build of configuration Debug for project MB1_RTOS ****
make all 
[...]
                         ^
'Finished building: ../src/main_dino.c'
' '
'Building target: MB1_RTOS.elf'
'Invoking: MicroBlaze gcc linker'
mb-gcc -Wl,-T -Wl,../src/lscript.ld -L../../freertos_mb_1/mb1/lib -mlittle-endian -mxl-barrel-shift -mxl-pattern-compare -mno-xl-soft-div -mcpu=v10.0 -mno-xl-soft-mul -mxl-multiply-high -Wl,--no-relax -o "MB1_RTOS.elf"  ./src/elt3017_draw.o ./src/main_dino.o ./src/main_intr.o   -Wl,--start-group,-lxil,-lfreertos,-lgcc,-lc,--end-group
'Finished building target: MB1_RTOS.elf'
' '
'Invoking: MicroBlaze Print Size'
mb-size MB1_RTOS.elf  |tee "MB1_RTOS.elf.size"
   text	   data	    bss	    dec	    hex	filename
  98536	1230584	  69696	1398816	 155820	MB1_RTOS.elf
'Finished building: MB1_RTOS.elf.size'
' '
17:39:35 **** Incremental Build of configuration Debug for project driver_HDMI ****
make all 
make: Nothing to be done for `all'.
17:47:14 **** Auto Build of configuration Debug for project MB1_RTOS ****
make all 
'Building file: ../src/elt3017_draw.c'
'Invoking: MicroBlaze gcc compiler'
mb-gcc -Wall -O0 -g3 -c -fmessage-length=0 -MT"src/elt3017_draw.o" -I../../freertos_mb_1/mb1/include -mlittle-endian -mxl-barrel-shift -mxl-pattern-compare -mno-xl-soft-div -mcpu=v10.0 -mno-xl-soft-mul -mxl-multiply-high -Wl,--no-relax -MMD -MP -MF"src/elt3017_draw.d" -MT"src/elt3017_draw.o" -o "src/elt3017_draw.o" "../src/elt3017_draw.c"
In file included from ../src/elt3017_draw.h:11:0,
                 from ../src/elt3017_draw.c:10:
../src/mb1.h:7:10: note: #pragma message: Running A Dinosaur Game
  #pragma message "Running A Dinosaur Game"
          ^
'Finished building: ../src/elt3017_draw.c'
' '
'Building target: MB1_RTOS.elf'
'Invoking: MicroBlaze gcc linker'
mb-gcc -Wl,-T -Wl,../src/lscript.ld -L../../freertos_mb_1/mb1/lib -mlittle-endian -mxl-barrel-shift -mxl-pattern-compare -mno-xl-soft-div -mcpu=v10.0 -mno-xl-soft-mul -mxl-multiply-high -Wl,--no-relax -o "MB1_RTOS.elf"  ./src/elt3017_draw.o ./src/main_dino.o ./src/main_intr.o   -Wl,--start-group,-lxil,-lfreertos,-lgcc,-lc,--end-group
'Finished building target: MB1_RTOS.elf'
' '
'Invoking: MicroBlaze Print Size'
mb-size MB1_RTOS.elf  |tee "MB1_RTOS.elf.size"
   text	   data	    bss	    dec	    hex	filename
  98872	   1784	  69696	 170352	  29970	MB1_RTOS.elf
'Finished building: MB1_RTOS.elf.size'
' '
17:48:29 **** Auto Build of configuration Debug for project MB1_RTOS ****
make all 
'Building file: ../src/elt3017_draw.c'
'Invoking: MicroBlaze gcc compiler'
mb-gcc -Wall -O0 -g3 -c -fmessage-length=0 -MT"src/elt3017_draw.o" -I../../freertos_mb_1/mb1/include -mlittle-endian -mxl-barrel-shift -mxl-pattern-compare -mno-xl-soft-div -mcpu=v10.0 -mno-xl-soft-mul -mxl-multiply-high -Wl,--no-relax -MMD -MP -MF"src/elt3017_draw.d" -MT"src/elt3017_draw.o" -o "src/elt3017_draw.o" "../src/elt3017_draw.c"
In file included from ../src/elt3017_draw.h:11:0,
                 from ../src/elt3017_draw.c:10:
../src/mb1.h:7:10: note: #pragma message: Running A Dinosaur Game
  #pragma message "Running A Dinosaur Game"
          ^
'Finished building: ../src/elt3017_draw.c'
' '
'Building target: MB1_RTOS.elf'
'Invoking: MicroBlaze gcc linker'
mb-gcc -Wl,-T -Wl,../src/lscript.ld -L../../freertos_mb_1/mb1/lib -mlittle-endian -mxl-barrel-shift -mxl-pattern-compare -mno-xl-soft-div -mcpu=v10.0 -mno-xl-soft-mul -mxl-multiply-high -Wl,--no-relax -o "MB1_RTOS.elf"  ./src/elt3017_draw.o ./src/main_dino.o ./src/main_intr.o   -Wl,--start-group,-lxil,-lfreertos,-lgcc,-lc,--end-group
'Finished building target: MB1_RTOS.elf'
' '
'Invoking: MicroBlaze Print Size'
mb-size MB1_RTOS.elf  |tee "MB1_RTOS.elf.size"
   text	   data	    bss	    dec	    hex	filename
  98872	   1784	  69696	 170352	  29970	MB1_RTOS.elf
'Finished building: MB1_RTOS.elf.size'
' '
17:48:33 **** Incremental Build of configuration Debug for project MB1_RTOS ****
make all 
'Building file: ../src/elt3017_draw.c'
'Invoking: MicroBlaze gcc compiler'
mb-gcc -Wall -O0 -g3 -c -fmessage-length=0 -MT"src/elt3017_draw.o" -I../../freertos_mb_1/mb1/include -mlittle-endian -mxl-barrel-shift -mxl-pattern-compare -mno-xl-soft-div -mcpu=v10.0 -mno-xl-soft-mul -mxl-multiply-high -Wl,--no-relax -MMD -MP -MF"src/elt3017_draw.d" -MT"src/elt3017_draw.o" -o "src/elt3017_draw.o" "../src/elt3017_draw.c"
In file included from ../src/elt3017_draw.h:11:0,
                 from ../src/elt3017_draw.c:10:
../src/mb1.h:7:10: note: #pragma message: Running A Dinosaur Game
  #pragma message "Running A Dinosaur Game"
          ^
'Finished building: ../src/elt3017_draw.c'
' '
'Building file: ../src/main_dino.c'
'Invoking: MicroBlaze gcc compiler'
mb-gcc -Wall -O0 -g3 -c -fmessage-length=0 -MT"src/main_dino.o" -I../../freertos_mb_1/mb1/include -mlittle-endian -mxl-barrel-shift -mxl-pattern-compare -mno-xl-soft-div -mcpu=v10.0 -mno-xl-soft-mul -mxl-multiply-high -Wl,--no-relax -MMD -MP -MF"src/main_dino.d" -MT"src/main_dino.o" -o "src/main_dino.o" "../src/main_dino.c"
In file included from ../src/main_dino.c:1:0:
../src/mb1.h:7:10: note: #pragma message: Running A Dinosaur Game
  #pragma message "Running A Dinosaur Game"
          ^
../src/main_dino.c: In function 'DrawTask':
../src/main_dino.c:198:72: warning: pointer targets in passing argument 5 of 'MoveTree' differ in signedness [-Wpointer-sign]
     MoveTree(frame_index, &MyTree[indx].X, MyTree[indx].height, speed, &MyTree[indx].toado, core);
                                                                        ^
In file included from ../src/main_dino.c:14:0:
../src/elt3017_draw.h:146:6: note: expected 'int *' but argument is of type 'unsigned int *'
 void MoveTree(int fidx, unsigned long *x,int d, int speed, int *toado, int* c);
      ^
../src/main_dino.c: In function 'init_game':
../src/main_dino.c:308:25: warning: implicit declaration of function 'rand' [-Wimplicit-function-declaration]
   MyTree[indx].toado = (rand() % 140 + 190);
                         ^
'Finished building: ../src/main_dino.c'
' '
'Building target: MB1_RTOS.elf'
'Invoking: MicroBlaze gcc linker'
mb-gcc -Wl,-T -Wl,../src/lscript.ld -L../../freertos_mb_1/mb1/lib -mlittle-endian -mxl-barrel-shift -mxl-pattern-compare -mno-xl-soft-div -mcpu=v10.0 -mno-xl-soft-mul -mxl-multiply-high -Wl,--no-relax -o "MB1_RTOS.elf"  ./src/elt3017_draw.o ./src/main_dino.o ./src/main_intr.o   -Wl,--start-group,-lxil,-lfreertos,-lgcc,-lc,--end-group
'Finished building target: MB1_RTOS.elf'
' '
'Invoking: MicroBlaze Print Size'
mb-size MB1_RTOS.elf  |tee "MB1_RTOS.elf.size"
   text	   data	    bss	    dec	    hex	filename
  98872	   1784	  69696	 170352	  29970	MB1_RTOS.elf
'Finished building: MB1_RTOS.elf.size'
' '
17:48:43 **** Incremental Build of configuration Debug for project driver_HDMI ****
make all 
make: Nothing to be done for `all'.
17:50:47 **** Incremental Build of configuration Debug for project MB1_RTOS ****
make all 
'Building file: ../src/main_dino.c'
'Invoking: MicroBlaze gcc compiler'
mb-gcc -Wall -O0 -g3 -c -fmessage-length=0 -MT"src/main_dino.o" -I../../freertos_mb_1/mb1/include -mlittle-endian -mxl-barrel-shift -mxl-pattern-compare -mno-xl-soft-div -mcpu=v10.0 -mno-xl-soft-mul -mxl-multiply-high -Wl,--no-relax -MMD -MP -MF"src/main_dino.d" -MT"src/main_dino.o" -o "src/main_dino.o" "../src/main_dino.c"
In file included from ../src/main_dino.c:1:0:
../src/mb1.h:7:10: note: #pragma message: Running A Dinosaur Game
  #pragma message "Running A Dinosaur Game"
          ^
../src/main_dino.c: In function 'DrawTask':
../src/main_dino.c:198:72: warning: pointer targets in passing argument 5 of 'MoveTree' differ in signedness [-Wpointer-sign]
     MoveTree(frame_index, &MyTree[indx].X, MyTree[indx].height, speed, &MyTree[indx].toado, core);
                                                                        ^
In file included from ../src/main_dino.c:14:0:
../src/elt3017_draw.h:146:6: note: expected 'int *' but argument is of type 'unsigned int *'
 void MoveTree(int fidx, unsigned long *x,int d, int speed, int *toado, int* c);
      ^
../src/main_dino.c: In function 'init_game':
../src/main_dino.c:308:25: warning: implicit declaration of function 'rand' [-Wimplicit-function-declaration]
   MyTree[indx].toado = (rand() % 140 + 190);
                         ^
'Finished building: ../src/main_dino.c'
' '
'Building target: MB1_RTOS.elf'
'Invoking: MicroBlaze gcc linker'
mb-gcc -Wl,-T -Wl,../src/lscript.ld -L../../freertos_mb_1/mb1/lib -mlittle-endian -mxl-barrel-shift -mxl-pattern-compare -mno-xl-soft-div -mcpu=v10.0 -mno-xl-soft-mul -mxl-multiply-high -Wl,--no-relax -o "MB1_RTOS.elf"  ./src/elt3017_draw.o ./src/main_dino.o ./src/main_intr.o   -Wl,--start-group,-lxil,-lfreertos,-lgcc,-lc,--end-group
'Finished building target: MB1_RTOS.elf'
' '
'Invoking: MicroBlaze Print Size'
mb-size MB1_RTOS.elf  |tee "MB1_RTOS.elf.size"
   text	   data	    bss	    dec	    hex	filename
  98872	   1784	  69696	 170352	  29970	MB1_RTOS.elf
'Finished building: MB1_RTOS.elf.size'
' '
17:51:14 **** Incremental Build of configuration Debug for project driver_HDMI ****
make all 
make: Nothing to be done for `all'.
17:56:59 **** Incremental Build of configuration Debug for project MB1_RTOS ****
make all 
'Building file: ../src/elt3017_draw.c'
'Invoking: MicroBlaze gcc compiler'
mb-gcc -Wall -O0 -g3 -c -fmessage-length=0 -MT"src/elt3017_draw.o" -I../../freertos_mb_1/mb1/include -mlittle-endian -mxl-barrel-shift -mxl-pattern-compare -mno-xl-soft-div -mcpu=v10.0 -mno-xl-soft-mul -mxl-multiply-high -Wl,--no-relax -MMD -MP -MF"src/elt3017_draw.d" -MT"src/elt3017_draw.o" -o "src/elt3017_draw.o" "../src/elt3017_draw.c"
In file included from ../src/elt3017_draw.h:11:0,
                 from ../src/elt3017_draw.c:10:
../src/mb1.h:7:10: note: #pragma message: Running A Dinosaur Game
  #pragma message "Running A Dinosaur Game"
          ^
'Finished building: ../src/elt3017_draw.c'
' '
'Building file: ../src/main_dino.c'
'Invoking: MicroBlaze gcc compiler'
mb-gcc -Wall -O0 -g3 -c -fmessage-length=0 -MT"src/main_dino.o" -I../../freertos_mb_1/mb1/include -mlittle-endian -mxl-barrel-shift -mxl-pattern-compare -mno-xl-soft-div -mcpu=v10.0 -mno-xl-soft-mul -mxl-multiply-high -Wl,--no-relax -MMD -MP -MF"src/main_dino.d" -MT"src/main_dino.o" -o "src/main_dino.o" "../src/main_dino.c"
In file included from ../src/main_dino.c:1:0:
../src/mb1.h:7:10: note: #pragma message: Running A Dinosaur Game
  #pragma message "Running A Dinosaur Game"
          ^
../src/main_dino.c: In function 'DrawTask':
../src/main_dino.c:198:72: warning: pointer targets in passing argument 5 of 'MoveTree' differ in signedness [-Wpointer-sign]
     MoveTree(frame_index, &MyTree[indx].X, MyTree[indx].height, speed, &MyTree[indx].toado, core);
                                                                        ^
In file included from ../src/main_dino.c:14:0:
../src/elt3017_draw.h:146:6: note: expected 'int *' but argument is of type 'unsigned int *'
 void MoveTree(int fidx, unsigned long *x,int d, int speed, int *toado, int* c);
      ^
../src/main_dino.c: In function 'init_game':
../src/main_dino.c:308:25: warning: implicit declaration of function 'rand' [-Wimplicit-function-declaration]
   MyTree[indx].toado = (rand() % 140 + 190);
                         ^
'Finished building: ../src/main_dino.c'
' '
'Building target: MB1_RTOS.elf'
'Invoking: MicroBlaze gcc linker'
mb-gcc -Wl,-T -Wl,../src/lscript.ld -L../../freertos_mb_1/mb1/lib -mlittle-endian -mxl-barrel-shift -mxl-pattern-compare -mno-xl-soft-div -mcpu=v10.0 -mno-xl-soft-mul -mxl-multiply-high -Wl,--no-relax -o "MB1_RTOS.elf"  ./src/elt3017_draw.o ./src/main_dino.o ./src/main_intr.o   -Wl,--start-group,-lxil,-lfreertos,-lgcc,-lc,--end-group
'Finished building target: MB1_RTOS.elf'
' '
'Invoking: MicroBlaze Print Size'
mb-size MB1_RTOS.elf  |tee "MB1_RTOS.elf.size"
   text	   data	    bss	    dec	    hex	filename
  98872	   1784	  69696	 170352	  29970	MB1_RTOS.elf
'Finished building: MB1_RTOS.elf.size'
' '
17:57:31 **** Incremental Build of configuration Debug for project driver_HDMI ****
make all 
make: Nothing to be done for `all'.
18:02:25 **** Auto Build of configuration Debug for project MB1_RTOS ****
make all 
'Building file: ../src/main_dino.c'
'Invoking: MicroBlaze gcc compiler'
mb-gcc -Wall -O0 -g3 -c -fmessage-length=0 -MT"src/main_dino.o" -I../../freertos_mb_1/mb1/include -mlittle-endian -mxl-barrel-shift -mxl-pattern-compare -mno-xl-soft-div -mcpu=v10.0 -mno-xl-soft-mul -mxl-multiply-high -Wl,--no-relax -MMD -MP -MF"src/main_dino.d" -MT"src/main_dino.o" -o "src/main_dino.o" "../src/main_dino.c"
In file included from ../src/main_dino.c:1:0:
../src/mb1.h:7:10: note: #pragma message: Running A Dinosaur Game
  #pragma message "Running A Dinosaur Game"
          ^
../src/main_dino.c: In function 'DrawTask':
../src/main_dino.c:198:72: warning: pointer targets in passing argument 5 of 'MoveTree' differ in signedness [-Wpointer-sign]
     MoveTree(frame_index, &MyTree[indx].X, MyTree[indx].height, speed, &MyTree[indx].toado, core);
                                                                        ^
In file included from ../src/main_dino.c:14:0:
../src/elt3017_draw.h:146:6: note: expected 'int *' but argument is of type 'unsigned int *'
 void MoveTree(int fidx, unsigned long *x,int d, int speed, int *toado, int* c);
      ^
../src/main_dino.c: In function 'init_game':
../src/main_dino.c:308:25: warning: implicit declaration of function 'rand' [-Wimplicit-function-declaration]
   MyTree[indx].toado = (rand() % 140 + 190);
                         ^
'Finished building: ../src/main_dino.c'
' '
'Building target: MB1_RTOS.elf'
'Invoking: MicroBlaze gcc linker'
mb-gcc -Wl,-T -Wl,../src/lscript.ld -L../../freertos_mb_1/mb1/lib -mlittle-endian -mxl-barrel-shift -mxl-pattern-compare -mno-xl-soft-div -mcpu=v10.0 -mno-xl-soft-mul -mxl-multiply-high -Wl,--no-relax -o "MB1_RTOS.elf"  ./src/elt3017_draw.o ./src/main_dino.o ./src/main_intr.o   -Wl,--start-group,-lxil,-lfreertos,-lgcc,-lc,--end-group
'Finished building target: MB1_RTOS.elf'
' '
'Invoking: MicroBlaze Print Size'
mb-size MB1_RTOS.elf  |tee "MB1_RTOS.elf.size"
   text	   data	    bss	    dec	    hex	filename
  98872	   1784	  69696	 170352	  29970	MB1_RTOS.elf
'Finished building: MB1_RTOS.elf.size'
' '
18:02:52 **** Incremental Build of configuration Debug for project MB1_RTOS ****
make all 
make: Nothing to be done for `all'.
18:03:00 **** Incremental Build of configuration Debug for project driver_HDMI ****
make all 
make: Nothing to be done for `all'.
18:09:33 **** Auto Build of configuration Debug for project MB1_RTOS ****
make all 
'Building file: ../src/main_dino.c'
'Invoking: MicroBlaze gcc compiler'
mb-gcc -Wall -O0 -g3 -c -fmessage-length=0 -MT"src/main_dino.o" -I../../freertos_mb_1/mb1/include -mlittle-endian -mxl-barrel-shift -mxl-pattern-compare -mno-xl-soft-div -mcpu=v10.0 -mno-xl-soft-mul -mxl-multiply-high -Wl,--no-relax -MMD -MP -MF"src/main_dino.d" -MT"src/main_dino.o" -o "src/main_dino.o" "../src/main_dino.c"
In file included from ../src/main_dino.c:1:0:
../src/mb1.h:7:10: note: #pragma message: Running A Dinosaur Game
  #pragma message "Running A Dinosaur Game"
          ^
../src/main_dino.c: In function 'DrawTask':
../src/main_dino.c:198:72: warning: pointer targets in passing argument 5 of 'MoveTree' differ in signedness [-Wpointer-sign]
     MoveTree(frame_index, &MyTree[indx].X, MyTree[indx].height, speed, &MyTree[indx].toado, core);
                                                                        ^
In file included from ../src/main_dino.c:14:0:
../src/elt3017_draw.h:146:6: note: expected 'int *' but argument is of type 'unsigned int *'
 void MoveTree(int fidx, unsigned long *x,int d, int speed, int *toado, int* c);
      ^
../src/main_dino.c: In function 'init_game':
../src/main_dino.c:308:25: warning: implicit declaration of function 'rand' [-Wimplicit-function-declaration]
   MyTree[indx].toado = (rand() % 140 + 190);
                         ^
'Finished building: ../src/main_dino.c'
' '
'Building target: MB1_RTOS.elf'
'Invoking: MicroBlaze gcc linker'
mb-gcc -Wl,-T -Wl,../src/lscript.ld -L../../freertos_mb_1/mb1/lib -mlittle-endian -mxl-barrel-shift -mxl-pattern-compare -mno-xl-soft-div -mcpu=v10.0 -mno-xl-soft-mul -mxl-multiply-high -Wl,--no-relax -o "MB1_RTOS.elf"  ./src/elt3017_draw.o ./src/main_dino.o ./src/main_intr.o   -Wl,--start-group,-lxil,-lfreertos,-lgcc,-lc,--end-group
'Finished building target: MB1_RTOS.elf'
' '
'Invoking: MicroBlaze Print Size'
mb-size MB1_RTOS.elf  |tee "MB1_RTOS.elf.size"
   text	   data	    bss	    dec	    hex	filename
  98872	   1784	  69696	 170352	  29970	MB1_RTOS.elf
'Finished building: MB1_RTOS.elf.size'
' '
18:09:51 **** Incremental Build of configuration Debug for project MB1_RTOS ****
make all 
make: Nothing to be done for `all'.
18:09:58 **** Incremental Build of configuration Debug for project driver_HDMI ****
make all 
make: Nothing to be done for `all'.
18:11:10 **** Incremental Build of configuration Debug for project MB1_RTOS ****
make all 
'Building file: ../src/main_dino.c'
'Invoking: MicroBlaze gcc compiler'
mb-gcc -Wall -O0 -g3 -c -fmessage-length=0 -MT"src/main_dino.o" -I../../freertos_mb_1/mb1/include -mlittle-endian -mxl-barrel-shift -mxl-pattern-compare -mno-xl-soft-div -mcpu=v10.0 -mno-xl-soft-mul -mxl-multiply-high -Wl,--no-relax -MMD -MP -MF"src/main_dino.d" -MT"src/main_dino.o" -o "src/main_dino.o" "../src/main_dino.c"
In file included from ../src/main_dino.c:1:0:
../src/mb1.h:7:10: note: #pragma message: Running A Dinosaur Game
  #pragma message "Running A Dinosaur Game"
          ^
../src/main_dino.c: In function 'DrawTask':
../src/main_dino.c:198:72: warning: pointer targets in passing argument 5 of 'MoveTree' differ in signedness [-Wpointer-sign]
     MoveTree(frame_index, &MyTree[indx].X, MyTree[indx].height, speed, &MyTree[indx].toado, core);
                                                                        ^
In file included from ../src/main_dino.c:14:0:
../src/elt3017_draw.h:146:6: note: expected 'int *' but argument is of type 'unsigned int *'
 void MoveTree(int fidx, unsigned long *x,int d, int speed, int *toado, int* c);
      ^
../src/main_dino.c: In function 'init_game':
../src/main_dino.c:308:25: warning: implicit declaration of function 'rand' [-Wimplicit-function-declaration]
   MyTree[indx].toado = (rand() % 140 + 190);
                         ^
'Finished building: ../src/main_dino.c'
' '
'Building target: MB1_RTOS.elf'
'Invoking: MicroBlaze gcc linker'
mb-gcc -Wl,-T -Wl,../src/lscript.ld -L../../freertos_mb_1/mb1/lib -mlittle-endian -mxl-barrel-shift -mxl-pattern-compare -mno-xl-soft-div -mcpu=v10.0 -mno-xl-soft-mul -mxl-multiply-high -Wl,--no-relax -o "MB1_RTOS.elf"  ./src/elt3017_draw.o ./src/main_dino.o ./src/main_intr.o   -Wl,--start-group,-lxil,-lfreertos,-lgcc,-lc,--end-group
'Finished building target: MB1_RTOS.elf'
' '
'Invoking: MicroBlaze Print Size'
mb-size MB1_RTOS.elf  |tee "MB1_RTOS.elf.size"
   text	   data	    bss	    dec	    hex	filename
  98872	   1784	  69696	 170352	  29970	MB1_RTOS.elf
'Finished building: MB1_RTOS.elf.size'
' '
18:11:22 **** Incremental Build of configuration Debug for project driver_HDMI ****
make all 
make: Nothing to be done for `all'.
11:21:38 **** Incremental Build of configuration Debug for project MB1_RTOS ****
make all 
make: Nothing to be done for `all'.
11:22:25 **** Incremental Build of configuration Debug for project driver_HDMI ****
make all 
make: Nothing to be done for `all'.
11:26:27 **** Incremental Build of configuration Debug for project MB1_RTOS ****
make all 
make: Nothing to be done for `all'.
11:27:29 **** Incremental Build of configuration Debug for project driver_HDMI ****
make all 
make: Nothing to be done for `all'.
11:32:56 **** Incremental Build of configuration Debug for project MB1_RTOS ****
make all 
make: Nothing to be done for `all'.
11:33:14 **** Incremental Build of configuration Debug for project driver_HDMI ****
make all 
make: Nothing to be done for `all'.
